 mysqlmanager

 Timestamp is 468e2416 (Fri Jul 06 12:14:30 2007)

 Preferred load address is 00400000

 Start         Length     Name                   Class
 0001:00000000 00098bb8H .text                   CODE
 0001:00098bc0 00001078H .text$yc                CODE
 0002:00000000 00018a9eH .rdata                  DATA
 0002:00018aa0 000001b2H .rdata$debug            DATA
 0002:00018c54 00001f55H .rdata$r                DATA
 0002:0001abb0 00000109H .rdata$sxdata           DATA
 0002:0001acbc 00000104H .rtc$IAA                DATA
 0002:0001adc0 00000104H .rtc$IZZ                DATA
 0002:0001aec4 00000104H .rtc$TAA                DATA
 0002:0001afc8 00000104H .rtc$TZZ                DATA
 0002:0001b0cc 00000000H .edata                  DATA
 0003:00000000 00000104H .CRT$XCA                DATA
 0003:00000104 00000104H .CRT$XCAA               DATA
 0003:00000208 00000109H .CRT$XCU                DATA
 0003:00000314 00000104H .CRT$XCZ                DATA
 0003:00000418 00000104H .CRT$XIA                DATA
 0003:0000051c 00000113H .CRT$XIC                DATA
 0003:00000630 00000104H .CRT$XIZ                DATA
 0003:00000734 00000104H .CRT$XPA                DATA
 0003:00000838 00000109H .CRT$XPX                DATA
 0003:00000944 00000104H .CRT$XPZ                DATA
 0003:00000a48 00000104H .CRT$XTA                DATA
 0003:00000b4c 00000104H .CRT$XTZ                DATA
 0003:00000c50 0012e260H .data                   DATA
 0003:0012eec0 000041e4H .bss                    DATA
 0004:00000000 00000050H .idata$2                DATA
 0004:00000050 00000014H .idata$3                DATA
 0004:00000064 000003ccH .idata$4                DATA
 0004:00000430 000003ccH .idata$5                DATA
 0004:000007fc 00000c97H .idata$6                DATA

  Address         Publics by Value              Rva+Base     Lib:Object

 0000:00000000       __except_list              00000000     <absolute>
 0000:00000002       ___safe_se_handler_count   00000002     <absolute>
 0001:00000ae0       ?reserve@Buffer@@QAEHII@Z  00401ae0 f   buffer.obj
 0001:00000bb0       ?get_size@Buffer@@QAEHXZ   00401bb0 f   buffer.obj
 0001:00000bc0       ?is_error@Buffer@@QAEHXZ   00401bc0 f   buffer.obj
 0001:00000bd0       ?append@Buffer@@QAEHIPBDI@Z 00401bd0 f   buffer.obj
 0001:00000c20       ??0Command@@QAE@PAVInstance_map@@@Z 00401c20 f   command.obj
 0001:00000c40       ??1Command@@UAE@XZ         00401c40 f   command.obj
 0001:00000c50       ??_GCommand@@UAEPAXI@Z     00401c50 f i command.obj
 0001:00000c50       ??_ECommand@@UAEPAXI@Z     00401c50 f i command.obj
 0001:00000c80       ??0Buffer@@QAE@I@Z         00401c80 f i commands.obj
 0001:00000cc0       ??1Buffer@@QAE@XZ          00401cc0 f i commands.obj
 0001:00000cd0       ??0Iterator@Instance_map@@QAE@PAV1@@Z 00401cd0 f i commands.obj
 0001:00000cf0       ?execute@Show_instances@@UAEHPAUst_net@@K@Z 00401cf0 f   commands.obj
 0001:00000ec0       ?execute@Flush_instances@@UAEHPAUst_net@@K@Z 00401ec0 f   commands.obj
 0001:00000f00       ??0Show_instance_status@@QAE@PAVInstance_map@@PBDI@Z 00401f00 f   commands.obj
 0001:00000f60       ?execute@Show_instance_status@@UAEHPAUst_net@@K@Z 00401f60 f   commands.obj
 0001:000011b0       ??0Show_instance_options@@QAE@PAVInstance_map@@PBDI@Z 004021b0 f   commands.obj
 0001:00001210       ?execute@Show_instance_options@@UAEHPAUst_net@@K@Z 00402210 f   commands.obj
 0001:000015c0       ??0Start_instance@@QAE@PAVInstance_map@@PBDI@Z 004025c0 f   commands.obj
 0001:00001610       ?execute@Start_instance@@UAEHPAUst_net@@K@Z 00402610 f   commands.obj
 0001:00001680       ??0Show_instance_log@@QAE@PAVInstance_map@@PBDIW4Log_type@@11@Z 00402680 f   commands.obj
 0001:00001720       ?execute@Show_instance_log@@UAEHPAUst_net@@K@Z 00402720 f   commands.obj
 0001:00001a40       ??0Show_instance_log_files@@QAE@PAVInstance_map@@PBDI@Z 00402a40 f   commands.obj
 0001:00001aa0       ?execute@Show_instance_log_files@@UAEHPAUst_net@@K@Z 00402aa0 f   commands.obj
 0001:00001dd0       ??0Set_option@@QAE@PAVInstance_map@@PBDI1I1I@Z 00402dd0 f   commands.obj
 0001:00001ea0       ??_ESet_option@@UAEPAXI@Z  00402ea0 f i commands.obj
 0001:00001ea0       ??_GSet_option@@UAEPAXI@Z  00402ea0 f i commands.obj
 0001:00001ed0       ?correct_file@Set_option@@IAEHH@Z 00402ed0 f   commands.obj
 0001:00001f10       ?do_command@Set_option@@UAEHPAUst_net@@@Z 00402f10 f   commands.obj
 0001:00001f70       ?execute@Set_option@@UAEHPAUst_net@@K@Z 00402f70 f   commands.obj
 0001:00001fc0       ?do_command@Unset_option@@UAEHPAUst_net@@@Z 00402fc0 f   commands.obj
 0001:00002000       ??0Stop_instance@@QAE@PAVInstance_map@@PBDI@Z 00403000 f   commands.obj
 0001:00002050       ?execute@Stop_instance@@UAEHPAUst_net@@K@Z 00403050 f   commands.obj
 0001:000020c0       ?execute@Syntax_error@@UAEHPAUst_net@@K@Z 004030c0 f   commands.obj
 0001:000020d0       ??_GShow_instance_status@@UAEPAXI@Z 004030d0 f i commands.obj
 0001:000020d0       ??_EShow_instance_status@@UAEPAXI@Z 004030d0 f i commands.obj
 0001:00002100       ??_GShow_instance_options@@UAEPAXI@Z 00403100 f i commands.obj
 0001:00002100       ??_EShow_instance_options@@UAEPAXI@Z 00403100 f i commands.obj
 0001:00002130       ??_GStart_instance@@UAEPAXI@Z 00403130 f i commands.obj
 0001:00002130       ??_EStart_instance@@UAEPAXI@Z 00403130 f i commands.obj
 0001:00002160       ??_EShow_instance_log@@UAEPAXI@Z 00403160 f i commands.obj
 0001:00002160       ??_GShow_instance_log@@UAEPAXI@Z 00403160 f i commands.obj
 0001:00002190       ??_EShow_instance_log_files@@UAEPAXI@Z 00403190 f i commands.obj
 0001:00002190       ??_GShow_instance_log_files@@UAEPAXI@Z 00403190 f i commands.obj
 0001:000021c0       ??_EStop_instance@@UAEPAXI@Z 004031c0 f i commands.obj
 0001:000021c0       ??_GStop_instance@@UAEPAXI@Z 004031c0 f i commands.obj
 0001:000021f0       ??0Guardian_thread_args@@QAE@AAVThread_registry@@PAVInstance_map@@I@Z 004031f0 f i guardian.obj
 0001:00002210       ??0Guardian_thread@@QAE@AAVThread_registry@@PAVInstance_map@@I@Z 00403210 f   guardian.obj
 0001:000022a0       ??1Guardian_thread@@QAE@XZ 004032a0 f   guardian.obj
 0001:000022f0       ?process_instance@Guardian_thread@@AAEXPAVInstance@@PAUGUARD_NODE@1@PAPAUst_list@@PAU4@@Z 004032f0 f   guardian.obj
 0001:00002560       ?run@Guardian_thread@@QAEXXZ 00403560 f   guardian.obj
 0001:000026a0       ?is_stopped@Guardian_thread@@QAEHXZ 004036a0 f   guardian.obj
 0001:000026d0       ?guard@Guardian_thread@@QAEHPAVInstance@@H@Z 004036d0 f   guardian.obj
 0001:00002790       ?stop_guard@Guardian_thread@@QAEHPAVInstance@@@Z 00403790 f   guardian.obj
 0001:00002800       ?stop_instances@Guardian_thread@@AAEHXZ 00403800 f   guardian.obj
 0001:00002880       ?lock@Guardian_thread@@QAEXXZ 00403880 f   guardian.obj
 0001:00002890       ?unlock@Guardian_thread@@QAEXXZ 00403890 f   guardian.obj
 0001:000028a0       _guardian                  004038a0 f   guardian.obj
 0001:000028b0       ?request_shutdown@Guardian_thread@@QAEXXZ 004038b0 f   guardian.obj
 0001:000028f0       ?init@Guardian_thread@@QAEHXZ 004038f0 f   guardian.obj
 0001:000029f0       ??0Instance_options@@QAE@XZ 004039f0 f i instance.obj
 0001:00002c50       ?get_map@Instance@@QAEPAVInstance_map@@XZ 00403c50 f   instance.obj
 0001:00002c60       ?remove_pid@Instance@@AAEXXZ 00403c60 f   instance.obj
 0001:00002ca0       ?set_crash_flag_n_wake_all@Instance@@QAEXXZ 00403ca0 f   instance.obj
 0001:00002d00       ??0Instance@@QAE@XZ        00403d00 f   instance.obj
 0001:00002da0       ??1Instance@@QAE@XZ        00403da0 f   instance.obj
 0001:00002dd0       ?is_crashed@Instance@@QAEHXZ 00403dd0 f   instance.obj
 0001:00002e00       ?is_running@Instance@@QAEHXZ 00403e00 f   instance.obj
 0001:00002f40       ?SafeTerminateProcess@@YAHPAXI@Z 00403f40 f   instance.obj
 0001:00003080       ?kill@@YAHHH@Z             00404080 f   instance.obj
 0001:000030c0       ?kill_instance@Instance@@QAEXH@Z 004040c0 f   instance.obj
 0001:00003140       ?init@Instance@@QAEHPBD@Z  00404140 f   instance.obj
 0001:00003150       ?complete_initialization@Instance@@QAEHPAVInstance_map@@PBDI@Z 00404150 f   instance.obj
 0001:00003290       ?stop@Instance@@QAEHXZ     00404290 f   instance.obj
 0001:000033f0       _proxy                     004043f0 f   instance.obj
 0001:00003410       ?start@Instance@@QAEHXZ    00404410 f   instance.obj
 0001:00003530       ??_GInstance@@QAEPAXI@Z    00404530 f i instance_map.obj
 0001:00003560       ?process_one_option@Instance_map@@QAEHPBD0@Z 00404560 f   instance_map.obj
 0001:00003670       ??0Instance_map@@QAE@PBD@Z 00404670 f   instance_map.obj
 0001:00003690       ??1Instance_map@@QAE@XZ    00404690 f   instance_map.obj
 0001:000036d0       ?lock@Instance_map@@QAEXXZ 004046d0 f   instance_map.obj
 0001:000036e0       ?unlock@Instance_map@@QAEXXZ 004046e0 f   instance_map.obj
 0001:000036f0       ?find@Instance_map@@QAEPAVInstance@@PBDI@Z 004046f0 f   instance_map.obj
 0001:00003740       ?complete_initialization@Instance_map@@AAEHXZ 00404740 f   instance_map.obj
 0001:00003820       ?go_to_first@Iterator@Instance_map@@QAEXXZ 00404820 f   instance_map.obj
 0001:00003830       ?next@Iterator@Instance_map@@QAEPAVInstance@@XZ 00404830 f   instance_map.obj
 0001:000038b0       ?init@Instance_map@@QAEHXZ 004048b0 f   instance_map.obj
 0001:000038f0       ?load@Instance_map@@AAEHXZ 004048f0 f   instance_map.obj
 0001:00003a00       ?flush_instances@Instance_map@@QAEHXZ 00404a00 f   instance_map.obj
 0001:00003b10       ?get_default_option@Instance_options@@AAEHPADIPBD@Z 00404b10 f   instance_options.obj
 0001:00003c00       ?fill_instance_version@Instance_options@@AAEHXZ 00404c00 f   instance_options.obj
 0001:00003d70       ?fill_mysqld_real_path@Instance_options@@AAEHXZ 00404d70 f   instance_options.obj
 0001:00003f10       ?fill_log_options@Instance_options@@AAEHXZ 00404f10 f   instance_options.obj
 0001:000042b0       ?get_pid_filename@Instance_options@@QAEHPAD@Z 004052b0 f   instance_options.obj
 0001:00004390       ?unlink_pidfile@Instance_options@@QAEHXZ 00405390 f   instance_options.obj
 0001:000043a0       ?get_pid@Instance_options@@QAEHXZ 004053a0 f   instance_options.obj
 0001:00004410       ?add_option@Instance_options@@QAEHPBD@Z 00405410 f   instance_options.obj
 0001:00004690       ?add_to_argv@Instance_options@@AAEHPBD@Z 00405690 f   instance_options.obj
 0001:000046c0       ?print_argv@Instance_options@@QAEXXZ 004056c0 f   instance_options.obj
 0001:00004730       ?init@Instance_options@@QAEHPBD@Z 00405730 f   instance_options.obj
 0001:000047d0       ??1Instance_options@@QAE@XZ 004057d0 f   instance_options.obj
 0001:00004800       ?complete_initialization@Instance_options@@QAEHPBDI@Z 00405800 f   instance_options.obj
 0001:00004b50       ??0Listener_thread_args@@QAE@AAVThread_registry@@ABUOptions@@ABVUser_map@@AAVInstance_map@@@Z 00405b50 f i listener.obj
 0001:00004b80       ?is_shutdown@Thread_registry@@QAEHXZ 00405b80 f i listener.obj
 0001:00004be0       ??0Listener_thread@@QAE@ABUListener_thread_args@@@Z 00405be0 f   listener.obj
 0001:00004c30       ??1Listener_thread@@QAE@XZ 00405c30 f   listener.obj
 0001:00004c40       ?create_tcp_socket@Listener_thread@@AAEHXZ 00405c40 f   listener.obj
 0001:00004e10       ?handle_new_mysql_connection@Listener_thread@@AAEXPAUst_vio@@@Z 00405e10 f   listener.obj
 0001:00004ee0       ?run@Listener_thread@@QAEXXZ 00405ee0 f   listener.obj
 0001:00005170       _listener                  00406170 f   listener.obj
 0001:00005390       ?log_error@@YAXPBDZZ       00406390 f   log.obj
 0001:000053b0       ?log_info@@YAXPBDZZ        004063b0 f   log.obj
 0001:000053d0       ?print_info@@YAXPBDZZ      004063d0 f   log.obj
 0001:000053f0       ?print_error@@YAXPBDZZ     004063f0 f   log.obj
 0001:00005410       ?log_init@@YAXXZ           00406410 f   log.obj
 0001:00005430       ?die@@YAXPBDZZ             00406430 f   log.obj
 0001:00005490       ??0User_map@@QAE@XZ        00406490 f i manager.obj
 0001:000054a0       ?create_pid_file@@YAHPBDH@Z 004064a0 f   manager.obj
 0001:00005530       ?onsignal@@YAXH@Z          00406530 f   manager.obj
 0001:00005540       ?set_signals@@YAXPAH@Z     00406540 f   manager.obj
 0001:00005570       ?my_sigwait@@YAHPBHPAH@Z   00406570 f   manager.obj
 0001:000055a0       ?stop_all@@YAXPAVGuardian_thread@@PAVThread_registry@@@Z 004065a0 f   manager.obj
 0001:000055e0       ?manager@@YAHABUOptions@@@Z 004065e0 f   manager.obj
 0001:00005a80       ?message@@YAPBDI@Z         00406a80 f   messages.obj
 0001:00005a90       ?errno_to_sqlstate@@YAPBDI@Z 00406a90 f   messages.obj
 0001:00005aa0       ??0Mysql_connection_thread_args@@QAE@PAUst_vio@@AAVThread_registry@@ABVUser_map@@KAAVInstance_map@@@Z 00406aa0 f   mysql_connection.obj
 0001:00005ad0       ??0Mysql_connection_thread@@QAE@ABUMysql_connection_thread_args@@@Z 00406ad0 f   mysql_connection.obj
 0001:00005b30       _my_net_local_init         00406b30 f   mysql_connection.obj
 0001:00005b80       ?init@Mysql_connection_thread@@QAEHXZ 00406b80 f   mysql_connection.obj
 0001:00005c20       ?cleanup@Mysql_connection_thread@@QAEXXZ 00406c20 f   mysql_connection.obj
 0001:00005c30       ??1Mysql_connection_thread@@QAE@XZ 00406c30 f   mysql_connection.obj
 0001:00005c50       ?check_connection@Mysql_connection_thread@@AAEHXZ 00406c50 f   mysql_connection.obj
 0001:00005eb0       ?dispatch_command@Mysql_connection_thread@@AAEHW4enum_server_command@@PBDI@Z 00406eb0 f   mysql_connection.obj
 0001:00006030       ?do_command@Mysql_connection_thread@@AAEHXZ 00407030 f   mysql_connection.obj
 0001:00006120       ?run@Mysql_connection_thread@@QAEXXZ 00407120 f   mysql_connection.obj
 0001:000061e0       _mysql_connection          004071e0 f   mysql_connection.obj
 0001:000062e0       ??0Options@@QAE@XZ         004072e0 f i mysqlmanager.obj
 0001:00006320       _main                      00407320 f   mysqlmanager.obj
 0001:00006700       ?cleanup@Options@@QAEXXZ   00407700 f   options.obj
 0001:00006720       ?setup_windows_defaults@Options@@QAEHXZ 00407720 f   options.obj
 0001:00006800       ?load@Options@@QAEHHPAPAD@Z 00407800 f   options.obj
 0001:00006920       ?get_word@@YAXPAPBDPAIH@Z  00407920 f i parse.obj
 0001:000069f0       ??0Show_instances@@QAE@PAVInstance_map@@@Z 004079f0 f i parse.obj
 0001:00006a10       ??0Flush_instances@@QAE@PAVInstance_map@@@Z 00407a10 f i parse.obj
 0001:00006a30       ??0Syntax_error@@QAE@XZ    00407a30 f i parse.obj
 0001:00006a50       ??1Set_option@@UAE@XZ      00407a50 f i parse.obj
 0001:00006a60       ?find_token@@YA?AW4Token@@PBDI@Z 00407a60 f i parse.obj
 0001:00006ac0       ?get_token@@YA?AW4Token@@PAPBDPAI@Z 00407ac0 f   parse.obj
 0001:00006b00       ?shift_token@@YA?AW4Token@@PAPBDPAI@Z 00407b00 f   parse.obj
 0001:00006b60       ?get_text_id@@YAHPAPBDPAI0@Z 00407b60 f   parse.obj
 0001:00006ba0       ??_EShow_instances@@UAEPAXI@Z 00407ba0 f i parse.obj
 0001:00006ba0       ??_GShow_instances@@UAEPAXI@Z 00407ba0 f i parse.obj
 0001:00006bd0       ??_GFlush_instances@@UAEPAXI@Z 00407bd0 f i parse.obj
 0001:00006bd0       ??_EFlush_instances@@UAEPAXI@Z 00407bd0 f i parse.obj
 0001:00006c00       ??_GSyntax_error@@UAEPAXI@Z 00407c00 f i parse.obj
 0001:00006c00       ??_ESyntax_error@@UAEPAXI@Z 00407c00 f i parse.obj
 0001:00006c30       ??0Unset_option@@QAE@PAVInstance_map@@PBDI1I1I@Z 00407c30 f i parse.obj
 0001:00006c80       ??_GUnset_option@@UAEPAXI@Z 00407c80 f i parse.obj
 0001:00006c80       ??_EUnset_option@@UAEPAXI@Z 00407c80 f i parse.obj
 0001:00006cb0       ?parse_command@@YAPAVCommand@@PAVInstance_map@@PBD@Z 00407cb0 f   parse.obj
 0001:000074a0       ?trim_space@@YAXPAPBDPAI@Z 004084a0 f   parse_output.obj
 0001:00007510       ?parse_output_and_get_value@@YAHPBD0PADII@Z 00408510 f   parse_output.obj
 0001:000076a0       ?set_stacksize_n_create_thread@@YAHPAPAXPAUthread_attr@@P6APAXPAX@Z2@Z 004086a0 f   priv.obj
 0001:000076b0       ?net_send_error@@YAHPAUst_net@@I@Z 004086b0 f   protocol.obj
 0001:00007790       ?net_send_error_323@@YAHPAUst_net@@I@Z 00408790 f   protocol.obj
 0001:00007850       ?net_store_length@@YAPADPADI@Z 00408850 f   protocol.obj
 0001:00007880       ?store_to_protocol_packet@@YAHPAVBuffer@@PBDPAII@Z 00408880 f   protocol.obj
 0001:00007900       ?store_to_protocol_packet@@YAHPAVBuffer@@PBDPAI@Z 00408900 f   protocol.obj
 0001:00007940       ?send_eof@@YAHPAUst_net@@@Z 00408940 f   protocol.obj
 0001:00007990       ?send_fields@@YAHPAUst_net@@PAUst_list@@@Z 00408990 f   protocol.obj
 0001:00007d70       ?net_send_ok@@YAHPAUst_net@@KPBD@Z 00408d70 f   protocol.obj
 0001:00007ec0       ??0Thread_info@@QAE@XZ     00408ec0 f   thread_registry.obj
 0001:00007ed0       ??0Thread_info@@QAE@PAX@Z  00408ed0 f   thread_registry.obj
 0001:00007ee0       ??0Thread_registry@@QAE@XZ 00408ee0 f   thread_registry.obj
 0001:00007f30       ??1Thread_registry@@QAE@XZ 00408f30 f   thread_registry.obj
 0001:00007f70       ?register_thread@Thread_registry@@QAEXPAVThread_info@@@Z 00408f70 f   thread_registry.obj
 0001:00007fc0       ?unregister_thread@Thread_registry@@QAEXPAVThread_info@@@Z 00408fc0 f   thread_registry.obj
 0001:00008020       ?cond_wait@Thread_registry@@QAEHPAVThread_info@@PAUpthread_cond_t@@PAU_RTL_CRITICAL_SECTION@@@Z 00409020 f   thread_registry.obj
 0001:000080a0       ?cond_timedwait@Thread_registry@@QAEHPAVThread_info@@PAUpthread_cond_t@@PAU_RTL_CRITICAL_SECTION@@PAUtimespec@@@Z 004090a0 f   thread_registry.obj
 0001:00008130       ?deliver_shutdown@Thread_registry@@QAEXXZ 00409130 f   thread_registry.obj
 0001:00008230       ?request_shutdown@Thread_registry@@QAEXXZ 00409230 f   thread_registry.obj
 0001:00008240       ?get_error_status@Thread_registry@@QAEHXZ 00409240 f   thread_registry.obj
 0001:00008270       ?set_error_status@Thread_registry@@QAEXXZ 00409270 f   thread_registry.obj
 0001:000082a0       ??0User@@QAE@XZ            004092a0 f i user_map.obj
 0001:000082b0       ?init@User@@QAEHPBD@Z      004092b0 f   user_map.obj
 0001:00008430       ?init@User_map@@QAEHXZ     00409430 f   user_map.obj
 0001:00008470       ??1User_map@@QAE@XZ        00409470 f   user_map.obj
 0001:00008480       ?load@User_map@@QAEHPBD@Z  00409480 f   user_map.obj
 0001:000085e0       ?authenticate@User_map@@QBEHPBDI00@Z 004095e0 f   user_map.obj
 0001:00008630       ??0IMService@@QAE@XZ       00409630 f   IMService.obj
 0001:00008670       ?Shutdown@WindowsService@@MAEXXZ 00409670 f i IMService.obj
 0001:00008680       ?Pause@WindowsService@@MAEXXZ 00409680 f i IMService.obj
 0001:00008690       ?Continue@WindowsService@@MAEXXZ 00409690 f i IMService.obj
 0001:000086a0       ??1IMService@@QAE@XZ       004096a0 f   IMService.obj
 0001:000086b0       ?Stop@IMService@@MAEXXZ    004096b0 f   IMService.obj
 0001:000086d0       ?Run@IMService@@MAEXKPAPAD@Z 004096d0 f   IMService.obj
 0001:00008740       ?Log@IMService@@MAEXPBD@Z  00409740 f   IMService.obj
 0001:00008760       ?HandleServiceOptions@@YAHUOptions@@@Z 00409760 f   IMService.obj
 0001:000088a0       ??0WindowsService@@QAE@XZ  004098a0 f   WindowsService.obj
 0001:000088e0       ?Stop@WindowsService@@MAEXXZ 004098e0 f i WindowsService.obj
 0001:000088f0       ?Log@WindowsService@@MAEXPBD@Z 004098f0 f i WindowsService.obj
 0001:00008900       ??1WindowsService@@QAE@XZ  00409900 f   WindowsService.obj
 0001:00008910       ?IsInstalled@WindowsService@@QAEHXZ 00409910 f   WindowsService.obj
 0001:00008960       ?SetAcceptedControls@WindowsService@@QAEXK@Z 00409960 f   WindowsService.obj
 0001:00008970       ?ReportStatus@WindowsService@@IAEHKKK@Z 00409970 f   WindowsService.obj
 0001:00008a30       ?HandleControlCode@WindowsService@@IAEXK@Z 00409a30 f   WindowsService.obj
 0001:00008ac0       ?ControlHandler@WindowsService@@SGXK@Z 00409ac0 f   WindowsService.obj
 0001:00008ad0       ?Install@WindowsService@@QAEHXZ 00409ad0 f   WindowsService.obj
 0001:00008c10       ?Remove@WindowsService@@QAEHXZ 00409c10 f   WindowsService.obj
 0001:00008cd0       ?RegisterAndRun@WindowsService@@IAEXKPAPAD@Z 00409cd0 f   WindowsService.obj
 0001:00008dc0       ?ServiceMain@WindowsService@@SGXKPAPAD@Z 00409dc0 f   WindowsService.obj
 0001:00008dd0       ?Init@WindowsService@@QAEHXZ 00409dd0 f   WindowsService.obj
 0001:00008e20       _my_net_init               00409e20 f   net_serv.obj
 0001:00008ee0       _net_end                   00409ee0 f   net_serv.obj
 0001:00008f00       _net_realloc               00409f00 f   net_serv.obj
 0001:00009040       _net_clear                 0040a040 f   net_serv.obj
 0001:000090c0       _net_real_write            0040a0c0 f   net_serv.obj
 0001:00009570       _my_net_read               0040a570 f   net_serv.obj
 0001:000097e0       _my_net_set_read_timeout   0040a7e0 f   net_serv.obj
 0001:00009810       _my_net_set_write_timeout  0040a810 f   net_serv.obj
 0001:00009840       _net_flush                 0040a840 f   net_serv.obj
 0001:000099d0       _my_net_write              0040a9d0 f   net_serv.obj
 0001:00009ad0       _net_write_command         0040aad0 f   net_serv.obj
 0001:00009ca0       _net_field_length@4        0040aca0 f   pack.obj
 0001:00009d10       _net_field_length_ll       0040ad10 f   pack.obj
 0001:00009d80       _net_store_length          0040ad80 f   pack.obj
 0001:00009e20       _randominit                0040ae20 f   password.obj
 0001:00009e60       _my_rnd                    0040ae60 f   password.obj
 0001:00009eb0       _hash_password             0040aeb0 f   password.obj
 0001:00009f50       _make_scrambled_password_323 0040af50 f   password.obj
 0001:00009fb0       _scramble_323              0040afb0 f   password.obj
 0001:0000a170       _check_scramble_323        0040b170 f   password.obj
 0001:0000a350       _get_salt_from_password_323 0040b350 f   password.obj
 0001:0000a4b0       _make_password_from_salt_323 0040b4b0 f   password.obj
 0001:0000a4e0       _create_random_string      0040b4e0 f   password.obj
 0001:0000a560       _octet2hex                 0040b560 f   password.obj
 0001:0000a670       _make_scrambled_password   0040b670 f   password.obj
 0001:0000a740       _scramble                  0040b740 f   password.obj
 0001:0000a880       _check_scramble            0040b880 f   password.obj
 0001:0000a980       _get_salt_from_password    0040b980 f   password.obj
 0001:0000a9a0       _make_password_from_salt   0040b9a0 f   password.obj
 0001:0000a9c0       _mysql_errno_to_sqlstate   0040b9c0 f   sql_state.obj
 0001:0000aa20       _my_connect                0040ba20 f   client.obj
 0001:0000aa40       _create_named_pipe         0040ba40 f   client.obj
 0001:0000ad30       _free_rows                 0040bd30 f   client.obj
 0001:0000ad60       _free_old_query            0040bd60 f   client.obj
 0001:0000add0       _set_mysql_error           0040bdd0 f   client.obj
 0001:0000aeb0       _end_server                0040beb0 f   client.obj
 0001:0000af00       _mysql_free_result@4       0040bf00 f   client.obj
 0001:0000b050       _mysql_read_default_options 0040c050 f   client.obj
 0001:0000b5e0       _unpack_fields             0040c5e0 f   client.obj
 0001:0000b9c0       _mysql_init@4              0040c9c0 f   client.obj
 0001:0000ba80       _mysql_ssl_set@24          0040ca80 f   client.obj
 0001:0000bc00       _mysql_get_ssl_cipher@4    0040cc00 f   client.obj
 0001:0000bd80       _mysql_init_character_set  0040cd80 f   client.obj
 0001:0000c050       _mysql_select_db@8         0040d050 f   client.obj
 0001:0000c250       _mysql_detach_stmt_list    0040d250 f   client.obj
 0001:0000c260       _mysql_close@4             0040d260 f   client.obj
 0001:0000c340       _mysql_send_query@12       0040d340 f   client.obj
 0001:0000c380       _mysql_real_query@12       0040d380 f   client.obj
 0001:0000c3f0       _mysql_store_result@4      0040d3f0 f   client.obj
 0001:0000c6e0       _mysql_fetch_lengths@4     0040d6e0 f   client.obj
 0001:0000c720       _mysql_options@12          0040d720 f   client.obj
 0001:0000ca80       _mysql_num_rows@4          0040da80 f   client.obj
 0001:0000ca90       _mysql_num_fields@4        0040da90 f   client.obj
 0001:0000caa0       _mysql_errno@4             0040daa0 f   client.obj
 0001:0000cab0       _mysql_error@4             0040dab0 f   client.obj
 0001:0000cac0       _mysql_get_server_version@4 0040dac0 f   client.obj
 0001:0000cb30       _mysql_set_character_set@8 0040db30 f   client.obj
 0001:0000cca0       _cli_safe_read             0040dca0 f   client.obj
 0001:0000cec0       _cli_read_rows             0040dec0 f   client.obj
 0001:0000d390       _mysql_real_connect@32     0040e390 f   client.obj
 0001:0000e440       _mysql_reconnect           0040f440 f   client.obj
 0001:0000e900       _mysql_fetch_row@4         0040f900 f   client.obj
 0001:0000ea00       _cli_advanced_command      0040fa00 f   client.obj
 0001:0000ec00       _get_tty_password          0040fc00 f   get_password.obj
 0001:0000ed10       _init_client_errs          0040fd10 f   errmsg.obj
 0001:0000ed30       _finish_client_errs        0040fd30 f   errmsg.obj
 0001:0000ed48       _InitializeCriticalSection@4 0040fd48 f   kernel32:KERNEL32.dll
 0001:0000ed4e       _DeleteCriticalSection@4   0040fd4e f   kernel32:KERNEL32.dll
 0001:0000ed54       _LeaveCriticalSection@4    0040fd54 f   kernel32:KERNEL32.dll
 0001:0000ed5a       _EnterCriticalSection@4    0040fd5a f   kernel32:KERNEL32.dll
 0001:0000ed60       _GetSystemTimeAsFileTime@4 0040fd60 f   kernel32:KERNEL32.dll
 0001:0000ed66       _CloseHandle@4             0040fd66 f   kernel32:KERNEL32.dll
 0001:0000ed6c       _GetExitCodeProcess@8      0040fd6c f   kernel32:KERNEL32.dll
 0001:0000ed72       _WaitForSingleObject@8     0040fd72 f   kernel32:KERNEL32.dll
 0001:0000ed78       _CreateProcessA@40         0040fd78 f   kernel32:KERNEL32.dll
 0001:0000ed7e       _SetLastError@4            0040fd7e f   kernel32:KERNEL32.dll
 0001:0000ed84       _GetLastError@0            0040fd84 f   kernel32:KERNEL32.dll
 0001:0000ed8a       _CreateRemoteThread@28     0040fd8a f   kernel32:KERNEL32.dll
 0001:0000ed90       _GetProcAddress@8          0040fd90 f   kernel32:KERNEL32.dll
 0001:0000ed96       _DuplicateHandle@28        0040fd96 f   kernel32:KERNEL32.dll
 0001:0000ed9c       _GetCurrentProcess@0       0040fd9c f   kernel32:KERNEL32.dll
 0001:0000eda2       _GetModuleHandleA@4        0040fda2 f   kernel32:KERNEL32.dll
 0001:0000eda8       _TerminateProcess@8        0040fda8 f   kernel32:KERNEL32.dll
 0001:0000edae       _OpenProcess@12            0040fdae f   kernel32:KERNEL32.dll
 0001:0000edb4       _Sleep@4                   0040fdb4 f   kernel32:KERNEL32.dll
 0001:0000edba       _GetCurrentThreadId@0      0040fdba f   kernel32:KERNEL32.dll
 0001:0000edc0       _GetModuleFileNameA@12     0040fdc0 f   kernel32:KERNEL32.dll
 0001:0000edc6       _SetNamedPipeHandleState@16 0040fdc6 f   kernel32:KERNEL32.dll
 0001:0000edcc       _WaitNamedPipeA@8          0040fdcc f   kernel32:KERNEL32.dll
 0001:0000edd2       _CreateFileA@28            0040fdd2 f   kernel32:KERNEL32.dll
 0001:0000edd8       _CloseServiceHandle@4      0040fdd8 f   advapi32:ADVAPI32.dll
 0001:0000edde       _OpenServiceA@12           0040fdde f   advapi32:ADVAPI32.dll
 0001:0000ede4       _OpenSCManagerA@12         0040fde4 f   advapi32:ADVAPI32.dll
 0001:0000edea       _SetServiceStatus@8        0040fdea f   advapi32:ADVAPI32.dll
 0001:0000edf0       _CreateServiceA@52         0040fdf0 f   advapi32:ADVAPI32.dll
 0001:0000edf6       _DeleteService@4           0040fdf6 f   advapi32:ADVAPI32.dll
 0001:0000edfc       _RegisterServiceCtrlHandlerA@8 0040fdfc f   advapi32:ADVAPI32.dll
 0001:0000ee02       _StartServiceCtrlDispatcherA@4 0040fe02 f   advapi32:ADVAPI32.dll
 0001:0000ee10       _my_realloc                0040fe10 f   mysys:my_realloc.obj
 0001:0000ee90       _my_malloc                 0040fe90 f   mysys:my_malloc.obj
 0001:0000ef20       _my_no_flags_free          0040ff20 f   mysys:my_malloc.obj
 0001:0000ef40       _my_memdup                 0040ff40 f   mysys:my_malloc.obj
 0001:0000ef80       _my_strdup                 0040ff80 f   mysys:my_malloc.obj
 0001:0000efd0       _my_strdup_with_length     0040ffd0 f   mysys:my_malloc.obj
 0001:0000f010       _list_add                  00410010 f   mysys:list.obj
 0001:0000f040       _list_delete               00410040 f   mysys:list.obj
 0001:0000f070       _list_free                 00410070 f   mysys:list.obj
 0001:0000f0b0       _list_cons                 004100b0 f   mysys:list.obj
 0001:0000f0f0       _list_reverse              004100f0 f   mysys:list.obj
 0001:0000f120       _list_length               00410120 f   mysys:list.obj
 0001:0000f140       _list_walk                 00410140 f   mysys:list.obj
 0001:0000f170       _init_dynamic_array        00410170 f   mysys:array.obj
 0001:0000f1e0       _alloc_dynamic             004101e0 f   mysys:array.obj
 0001:0000f230       _pop_dynamic               00410230 f   mysys:array.obj
 0001:0000f250       _set_dynamic               00410250 f   mysys:array.obj
 0001:0000f2f0       _get_dynamic               004102f0 f   mysys:array.obj
 0001:0000f340       _delete_dynamic            00410340 f   mysys:array.obj
 0001:0000f370       _delete_dynamic_element    00410370 f   mysys:array.obj
 0001:0000f3b0       _freeze_size               004103b0 f   mysys:array.obj
 0001:0000f3f0       _insert_dynamic            004103f0 f   mysys:array.obj
 0001:0000f440       _my_read                   00410440 f   mysys:my_read.obj
 0001:0000f560       _my_seek                   00410560 f   mysys:my_seek.obj
 0001:0000f600       _my_tell                   00410600 f   mysys:my_seek.obj
 0001:0000f640       _my_dirend                 00410640 f   mysys:my_lib.obj
 0001:0000f6c0       _my_dir                    004106c0 f   mysys:my_lib.obj
 0001:0000f970       _my_fstat                  00410970 f   mysys:my_lib.obj
 0001:0000f990       _my_stat                   00410990 f   mysys:my_lib.obj
 0001:0000fa20       _my_close                  00410a20 f   mysys:my_open.obj
 0001:0000faf0       _my_register_filename      00410af0 f   mysys:my_open.obj
 0001:0000fc10       _my_sopen                  00410c10 f   mysys:my_open.obj
 0001:0000feb0       _my_open                   00410eb0 f   mysys:my_open.obj
 0001:0000ff80       _modify_defaults_file      00410f80 f   mysys:default_modify.obj
 0001:000103d0       _init_alloc_root           004113d0 f   mysys:my_alloc.obj
 0001:00010430       _reset_root_defaults       00411430 f   mysys:my_alloc.obj
 0001:000104d0       _alloc_root                004114d0 f   mysys:my_alloc.obj
 0001:000105b0       _multi_alloc_root          004115b0 f   mysys:my_alloc.obj
 0001:00010670       _free_root                 00411670 f   mysys:my_alloc.obj
 0001:00010710       _set_prealloc_root         00411710 f   mysys:my_alloc.obj
 0001:00010760       _strmake_root              00411760 f   mysys:my_alloc.obj
 0001:000107a0       _memdup_root               004117a0 f   mysys:my_alloc.obj
 0001:000107e0       _strdup_root               004117e0 f   mysys:my_alloc.obj
 0001:00010830       _pthread_cond_init         00411830 f   mysys:my_wincond.obj
 0001:000108a0       _pthread_cond_destroy      004118a0 f   mysys:my_wincond.obj
 0001:000108f0       _pthread_cond_timedwait    004118f0 f   mysys:my_wincond.obj
 0001:000109d0       _pthread_cond_signal       004119d0 f   mysys:my_wincond.obj
 0001:00010a00       _pthread_cond_broadcast    00411a00 f   mysys:my_wincond.obj
 0001:00010a40       _pthread_attr_init         00411a40 f   mysys:my_wincond.obj
 0001:00010a60       _pthread_attr_setstacksize 00411a60 f   mysys:my_wincond.obj
 0001:00010a70       _pthread_attr_setprio      00411a70 f   mysys:my_wincond.obj
 0001:00010a80       _pthread_attr_destroy      00411a80 f   mysys:my_wincond.obj
 0001:00010a90       _localtime_r               00411a90 f   mysys:my_wincond.obj
 0001:00010b00       _pthread_cond_wait         00411b00 f   mysys:my_wincond.obj
 0001:00010b20       _my_thread_global_end      00411b20 f   mysys:my_thr_init.obj
 0001:00010c40       _my_thread_init            00411c40 f   mysys:my_thr_init.obj
 0001:00010cd0       _my_thread_end             00411cd0 f   mysys:my_thr_init.obj
 0001:00010d50       __my_thread_var            00411d50 f   mysys:my_thr_init.obj
 0001:00010d80       _my_thread_id              00411d80 f   mysys:my_thr_init.obj
 0001:00010db0       _my_thread_name            00411db0 f   mysys:my_thr_init.obj
 0001:00010dd0       _my_thread_global_init     00411dd0 f   mysys:my_thr_init.obj
 0001:00010e90       _win_pthread_init          00411e90 f   mysys:my_winthread.obj
 0001:00010ea0       _pthread_exit              00411ea0 f   mysys:my_winthread.obj
 0001:00010eb0       _win_pthread_setspecific   00411eb0 f   mysys:my_winthread.obj
 0001:00010ee0       _pthread_start             00411ee0 f   mysys:my_winthread.obj
 0001:00010f30       _pthread_create            00411f30 f   mysys:my_winthread.obj
 0001:00010fc0       _gmtime_r                  00411fc0 f   mysys:my_pthread.obj
 0001:00011000       _pthread_no_free           00412000 f   mysys:my_pthread.obj
 0001:00011010       _pthread_dummy             00412010 f   mysys:my_pthread.obj
 0001:00011060       __hash_init                00412060 f   mysys:hash.obj
 0001:00011110       _hash_free                 00412110 f   mysys:hash.obj
 0001:00011130       _my_hash_reset             00412130 f   mysys:hash.obj
 0001:000112e0       _my_hash_insert            004122e0 f   mysys:hash.obj
 0001:00011580       _hash_delete               00412580 f   mysys:hash.obj
 0001:000117c0       _hash_update               004127c0 f   mysys:hash.obj
 0001:00011930       _hash_element              00412930 f   mysys:hash.obj
 0001:00011950       _hash_replace              00412950 f   mysys:hash.obj
 0001:00011970       _hash_first                00412970 f   mysys:hash.obj
 0001:00011a90       _hash_next                 00412a90 f   mysys:hash.obj
 0001:00011b30       _hash_search               00412b30 f   mysys:hash.obj
 0001:00011b50       _my_charset_same           00412b50 f   mysys:charset.obj
 0001:000121b0       _get_charsets_dir          004131b0 f   mysys:charset.obj
 0001:00012270       _add_compiled_collation    00413270 f   mysys:charset.obj
 0001:00012370       _free_charsets             00413370 f   mysys:charset.obj
 0001:00012380       _get_collation_number      00413380 f   mysys:charset.obj
 0001:000123a0       _get_charset_number        004133a0 f   mysys:charset.obj
 0001:00012400       _get_charset_name          00413400 f   mysys:charset.obj
 0001:00012520       _get_charset               00413520 f   mysys:charset.obj
 0001:000125f0       _get_charset_by_name       004135f0 f   mysys:charset.obj
 0001:00012690       _get_charset_by_csname     00413690 f   mysys:charset.obj
 0001:00012730       _escape_string_for_mysql   00413730 f   mysys:charset.obj
 0001:000128e0       _fs_character_set          004138e0 f   mysys:charset.obj
 0001:00012970       _escape_quotes_for_mysql   00413970 f   mysys:charset.obj
 0001:00012ac0       _get_defaults_options      00413ac0 f   mysys:default.obj
 0001:00012b90       _free_defaults             00413b90 f   mysys:default.obj
 0001:000135b0       _my_print_default_files    004145b0 f   mysys:default.obj
 0001:000136e0       _print_defaults            004146e0 f   mysys:default.obj
 0001:00013810       _my_search_option_files    00414810 f   mysys:default.obj
 0001:00013ab0       _load_defaults             00414ab0 f   mysys:default.obj
 0001:00013d50       _strlength                 00414d50 f   mysys:mf_format.obj
 0001:00013d90       _fn_format                 00414d90 f   mysys:mf_format.obj
 0001:00013fe0       _my_load_path              00414fe0 f   mysys:mf_loadpath.obj
 0001:00014110       _my_fclose                 00415110 f   mysys:my_fopen.obj
 0001:00014220       _my_fopen                  00415220 f   mysys:my_fopen.obj
 0001:00014390       _my_fdopen                 00415390 f   mysys:my_fopen.obj
 0001:00014490       _dirname_length            00415490 f   mysys:mf_dirname.obj
 0001:000144d0       _convert_dirname           004154d0 f   mysys:mf_dirname.obj
 0001:00014580       _dirname_part              00415580 f   mysys:mf_dirname.obj
 0001:000145b0       _my_delete                 004155b0 f   mysys:my_delete.obj
 0001:00014610       _nt_share_delete           00415610 f   mysys:my_delete.obj
 0001:00014740       _my_end                    00415740 f   mysys:my_init.obj
 0001:000147b0       _setEnvString              004157b0 f   mysys:my_init.obj
 0001:000147d0       _my_parameter_handler      004157d0 f   mysys:my_init.obj
 0001:00014a10       _my_init                   00415a10 f   mysys:my_init.obj
 0001:00014b30       _my_getopt_register_get_addr 00415b30 f   mysys:my_getopt.obj
 0001:00014b90       _getopt_compare_strings    00415b90 f   mysys:my_getopt.obj
 0001:00014d20       _getopt_ull_limit_value    00415d20 f   mysys:my_getopt.obj
 0001:00014ef0       _my_print_help             00415ef0 f   mysys:my_getopt.obj
 0001:00015130       _my_print_variables        00416130 f   mysys:my_getopt.obj
 0001:00015510       _handle_options            00416510 f   mysys:my_getopt.obj
 0001:00015f10       _my_compress_alloc         00416f10 f   mysys:my_compress.obj
 0001:00015f80       _my_uncompress             00416f80 f   mysys:my_compress.obj
 0001:00015ff0       _my_compress               00416ff0 f   mysys:my_compress.obj
 0001:00016050       _mysql_sha1_reset          00417050 f   mysys:sha1.obj
 0001:00016820       _mysql_sha1_result         00417820 f   mysys:sha1.obj
 0001:00016880       _mysql_sha1_input          00417880 f   mysys:sha1.obj
 0001:000168d0       _find_type                 004178d0 f   mysys:typelib.obj
 0001:00016a20       _get_type                  00417a20 f   mysys:typelib.obj
 0001:00016a40       _copy_typelib              00417a40 f   mysys:typelib.obj
 0001:00016b10       _make_type                 00417b10 f   mysys:typelib.obj
 0001:00016b60       _my_error                  00417b60 f   mysys:my_error.obj
 0001:00016c10       _my_printf_error           00417c10 f   mysys:my_error.obj
 0001:00016c70       _my_message                00417c70 f   mysys:my_error.obj
 0001:00016c80       _my_error_register         00417c80 f   mysys:my_error.obj
 0001:00016d00       _my_error_unregister       00417d00 f   mysys:my_error.obj
 0001:00016d50       _my_multi_malloc           00417d50 f   mysys:mulalloc.obj
 0001:00016dc0       _my_gethostbyname_r        00417dc0 f   mysys:my_gethostbyname.obj
 0001:00016df0       _my_gethostbyname_r_free   00417df0 f   mysys:my_gethostbyname.obj
 0001:00016e00       _thr_alarm_kill            00417e00 f   mysys:thr_alarm.obj
 0001:00016e10       _process_alarm             00417e10 f   mysys:thr_alarm.obj
 0001:00016e20       _thr_alarm                 00417e20 f   mysys:thr_alarm.obj
 0001:00016e70       _thr_got_alarm             00417e70 f   mysys:thr_alarm.obj
 0001:00016ee0       _thr_end_alarm             00417ee0 f   mysys:thr_alarm.obj
 0001:00016f10       _end_thr_alarm             00417f10 f   mysys:thr_alarm.obj
 0001:00016f20       _init_thr_alarm            00417f20 f   mysys:thr_alarm.obj
 0001:00016f30       _thr_alarm_info            00417f30 f   mysys:thr_alarm.obj
 0001:00016f40       _resize_thr_alarm          00417f40 f   mysys:thr_alarm.obj
 0001:00016f50       _my_filename               00417f50 f   mysys:my_div.obj
 0001:00016f90       _qsort                     00417f90 f   mysys:mf_qsort.obj
 0001:000175b0       _my_access                 004185b0 f   mysys:my_access.obj
 0001:00017600       _check_if_legal_filename   00418600 f   mysys:my_access.obj
 0001:000176a0       _my_fread                  004186a0 f   mysys:my_fstream.obj
 0001:00017770       _my_fseek                  00418770 f   mysys:my_fstream.obj
 0001:000177a0       _my_ftell                  004187a0 f   mysys:my_fstream.obj
 0001:000177b0       _my_fwrite                 004187b0 f   mysys:my_fstream.obj
 0001:000178c0       _my_chsize                 004188c0 f   mysys:my_chsize.obj
 0001:00017a40       _my_once_alloc             00418a40 f   mysys:my_once.obj
 0001:00017af0       _my_once_strdup            00418af0 f   mysys:my_once.obj
 0001:00017b40       _my_once_memdup            00418b40 f   mysys:my_once.obj
 0001:00017b80       _my_once_free              00418b80 f   mysys:my_once.obj
 0001:00017bb0       _my_getwd                  00418bb0 f   mysys:my_getwd.obj
 0001:00017c50       _test_if_hard_path         00418c50 f   mysys:my_getwd.obj
 0001:00017ca0       _has_path                  00418ca0 f   mysys:my_getwd.obj
 0001:00017ce0       _my_setwd                  00418ce0 f   mysys:my_getwd.obj
 0001:00017d90       _init_compiled_charsets    00418d90 f   mysys:charset-def.obj
 0001:00018060       _fn_ext                    00419060 f   mysys:mf_fn_ext.obj
 0001:000180c0       _my_readlink               004190c0 f   mysys:my_symlink.obj
 0001:000180e0       _my_symlink                004190e0 f   mysys:my_symlink.obj
 0001:000180f0       _my_realpath               004190f0 f   mysys:my_symlink.obj
 0001:00018110       _cleanup_dirname           00419110 f   mysys:mf_pack.obj
 0001:000183e0       _symdirget                 004193e0 f   mysys:mf_pack.obj
 0001:00018520       _system_filename           00419520 f   mysys:mf_pack.obj
 0001:00018540       _intern_filename           00419540 f   mysys:mf_pack.obj
 0001:000185d0       _pack_dirname              004195d0 f   mysys:mf_pack.obj
 0001:000187c0       _unpack_dirname            004197c0 f   mysys:mf_pack.obj
 0001:000188f0       _unpack_filename           004198f0 f   mysys:mf_pack.obj
 0001:000189b0       _my_message_no_curses      004199b0 f   mysys:my_messnc.obj
 0001:00018a30       _init_glob_errs            00419a30 f   mysys:errors.obj
 0001:00018a40       _my_write                  00419a40 f   mysys:my_write.obj
 0001:00018bb0       _strnmov                   00419bb0 f   strings:strnmov.obj
 0001:00018be0       _int2str                   00419be0 f   strings:int2str.obj
 0001:00018cc0       _int10_to_str              00419cc0 f   strings:int2str.obj
 0001:00018d60       _strmake                   00419d60 f   strings:strmake.obj
 0001:00018d90       _strmov                    00419d90 f   strings:strmov.obj
 0001:00018db0       _strxnmov                  00419db0 f   strings:strxnmov.obj
 0001:00018e00       _strend                    00419e00 f   strings:strend.obj
 0001:00018e10       _is_prefix                 00419e10 f   strings:is_prefix.obj
 0001:000190d0       _my_hash_sort_latin1_de    0041a0d0 f   strings:ctype-latin1.obj
 0001:00019180       _my_vsnprintf              0041a180 f   strings:my_vsnprintf.obj
 0001:00019490       _my_snprintf               0041a490 f   strings:my_vsnprintf.obj
 0001:000194b0       _strcend                   0041a4b0 f   strings:strcend.obj
 0001:000194d0       _my_strnxfrmlen_simple     0041a4d0 f   strings:ctype-simple.obj
 0001:000194f0       _my_strnxfrm_simple        0041a4f0 f   strings:ctype-simple.obj
 0001:00019570       _my_strnncoll_simple       0041a570 f   strings:ctype-simple.obj
 0001:000195e0       _my_strnncollsp_simple     0041a5e0 f   strings:ctype-simple.obj
 0001:00019690       _my_caseup_str_8bit        0041a690 f   strings:ctype-simple.obj
 0001:000196d0       _my_casedn_str_8bit        0041a6d0 f   strings:ctype-simple.obj
 0001:00019710       _my_caseup_8bit            0041a710 f   strings:ctype-simple.obj
 0001:00019740       _my_casedn_8bit            0041a740 f   strings:ctype-simple.obj
 0001:00019770       _my_strcasecmp_8bit        0041a770 f   strings:ctype-simple.obj
 0001:000197d0       _my_mb_wc_8bit             0041a7d0 f   strings:ctype-simple.obj
 0001:00019810       _my_wc_mb_8bit             0041a810 f   strings:ctype-simple.obj
 0001:00019870       _my_snprintf_8bit          0041a870 f   strings:ctype-simple.obj
 0001:00019890       _my_hash_sort_simple       0041a890 f   strings:ctype-simple.obj
 0001:00019910       _my_strntol_8bit           0041a910 f   strings:ctype-simple.obj
 0001:00019a60       _my_strntoul_8bit          0041aa60 f   strings:ctype-simple.obj
 0001:00019ba0       _my_strntoll_8bit          0041aba0 f   strings:ctype-simple.obj
 0001:00019d70       _my_strntoull_8bit         0041ad70 f   strings:ctype-simple.obj
 0001:00019f00       _my_strntod_8bit           0041af00 f   strings:ctype-simple.obj
 0001:00019f30       _my_long10_to_str_8bit     0041af30 f   strings:ctype-simple.obj
 0001:0001a000       _my_longlong10_to_str_8bit 0041b000 f   strings:ctype-simple.obj
 0001:0001a120       _my_wildcmp_8bit           0041b120 f   strings:ctype-simple.obj
 0001:0001a2b0       _my_like_range_simple      0041b2b0 f   strings:ctype-simple.obj
 0001:0001a3c0       _my_scan_8bit              0041b3c0 f   strings:ctype-simple.obj
 0001:0001a420       _my_fill_8bit              0041b420 f   strings:ctype-simple.obj
 0001:0001a450       _my_numchars_8bit          0041b450 f   strings:ctype-simple.obj
 0001:0001a460       _my_numcells_8bit          0041b460 f   strings:ctype-simple.obj
 0001:0001a470       _my_charpos_8bit           0041b470 f   strings:ctype-simple.obj
 0001:0001a480       _my_well_formed_len_8bit   0041b480 f   strings:ctype-simple.obj
 0001:0001a4a0       _my_lengthsp_8bit          0041b4a0 f   strings:ctype-simple.obj
 0001:0001a4c0       _my_instr_simple           0041b4c0 f   strings:ctype-simple.obj
 0001:0001aa90       _my_strtoll10_8bit         0041ba90 f   strings:ctype-simple.obj
 0001:0001aab0       _my_strntoull10rnd_8bit    0041bab0 f   strings:ctype-simple.obj
 0001:0001af00       _my_propagate_simple       0041bf00 f   strings:ctype-simple.obj
 0001:0001af10       _my_propagate_complex      0041bf10 f   strings:ctype-simple.obj
 0001:0001af80       _my_lengthsp_binary        0041bf80 f   strings:ctype-bin.obj
 0001:0001b120       _my_mbcharlen_8bit         0041c120 f   strings:ctype-bin.obj
 0001:0001b180       _my_hash_sort_8bit_bin     0041c180 f   strings:ctype-bin.obj
 0001:0001b1e0       _my_hash_sort_bin          0041c1e0 f   strings:ctype-bin.obj
 0001:0001b230       _my_wildcmp_bin            0041c230 f   strings:ctype-bin.obj
 0001:0001ce10       _my_parse_charset_xml      0041de10 f   strings:ctype.obj
 0001:0001cec0       _strxmov                   0041dec0 f   strings:strxmov.obj
 0001:0001d720       _str2int                   0041e720 f   strings:str2int.obj
 0001:0001d8d0       _strtoll                   0041e8d0 f   strings:strtoll.obj
 0001:0001db00       _longlong2str              0041eb00 f   strings:longlong2str.obj
 0001:0001dc40       _longlong10_to_str         0041ec40 f   strings:longlong2str.obj
 0001:0001dd40       _llstr                     0041ed40 f   strings:llstr.obj
 0001:0001dd60       _my_wildcmp_unicode        0041ed60 f   strings:ctype-utf8.obj
 0001:00020f60       _my_strntol_ucs2           00421f60 f   strings:ctype-ucs2.obj
 0001:00021170       _my_strntoul_ucs2          00422170 f   strings:ctype-ucs2.obj
 0001:00021360       _my_strntoll_ucs2          00422360 f   strings:ctype-ucs2.obj
 0001:00021610       _my_strntoull_ucs2         00422610 f   strings:ctype-ucs2.obj
 0001:00021880       _my_strntod_ucs2           00422880 f   strings:ctype-ucs2.obj
 0001:00021950       _my_strntoull10rnd_ucs2    00422950 f   strings:ctype-ucs2.obj
 0001:00021a20       _my_l10tostr_ucs2          00422a20 f   strings:ctype-ucs2.obj
 0001:00021af0       _my_ll10tostr_ucs2         00422af0 f   strings:ctype-ucs2.obj
 0001:00021c10       _my_strtoll10_ucs2         00422c10 f   strings:ctype-ucs2.obj
 0001:00022300       _my_like_range_ucs2        00423300 f   strings:ctype-ucs2.obj
 0001:000224b0       _my_scan_ucs2              004234b0 f   strings:ctype-ucs2.obj
 0001:000230e0       _my_strnncoll_gbk_internal 004240e0 f   strings:ctype-gbk.obj
 0001:00023210       _my_strnncoll_gbk          00424210 f   strings:ctype-gbk.obj
 0001:00026ee0       _bchange                   00427ee0 f   strings:bchange.obj
 0001:00026f40       _bmove_upp                 00427f40 f   strings:bmove_upp.obj
 0001:00026f60       _my_strtod                 00427f60 f   strings:strtod.obj
 0001:000272e0       _my_atof                   004282e0 f   strings:strtod.obj
 0001:00027310       _my_strtoll10              00428310 f   strings:my_strtoll10.obj
 0001:000275d0       _my_caseup_str_mb          004285d0 f   strings:ctype-mb.obj
 0001:00027620       _my_casedn_str_mb          00428620 f   strings:ctype-mb.obj
 0001:00027670       _my_caseup_mb              00428670 f   strings:ctype-mb.obj
 0001:000276c0       _my_casedn_mb              004286c0 f   strings:ctype-mb.obj
 0001:00027710       _my_strcasecmp_mb          00428710 f   strings:ctype-mb.obj
 0001:000277a0       _my_wildcmp_mb             004287a0 f   strings:ctype-mb.obj
 0001:00027ac0       _my_numchars_mb            00428ac0 f   strings:ctype-mb.obj
 0001:00027b00       _my_charpos_mb             00428b00 f   strings:ctype-mb.obj
 0001:00027b60       _my_well_formed_len_mb     00428b60 f   strings:ctype-mb.obj
 0001:00027bd0       _my_instr_mb               00428bd0 f   strings:ctype-mb.obj
 0001:00027f40       _my_like_range_mb          00428f40 f   strings:ctype-mb.obj
 0001:000283b0       _my_numcells_mb            004293b0 f   strings:ctype-mb.obj
 0001:00028950       _my_xml_parse              00429950 f   strings:xml.obj
 0001:00028d00       _my_xml_parser_create      00429d00 f   strings:xml.obj
 0001:00028d10       _my_xml_parser_free        00429d10 f   strings:xml.obj
 0001:00028d20       _my_xml_set_value_handler  00429d20 f   strings:xml.obj
 0001:00028d30       _my_xml_set_enter_handler  00429d30 f   strings:xml.obj
 0001:00028d40       _my_xml_set_leave_handler  00429d40 f   strings:xml.obj
 0001:00028d50       _my_xml_set_user_data      00429d50 f   strings:xml.obj
 0001:00028d60       _my_xml_error_string       00429d60 f   strings:xml.obj
 0001:00028d70       _my_xml_error_pos          00429d70 f   strings:xml.obj
 0001:00028da0       _my_xml_error_lineno       00429da0 f   strings:xml.obj
 0001:00028e00       _vio_delete                00429e00 f   vio:vio.obj
 0001:00028e30       _vio_end                   00429e30 f   vio:vio.obj
 0001:00028fb0       _vio_reset                 00429fb0 f   vio:vio.obj
 0001:00028fe0       _vio_new                   00429fe0 f   vio:vio.obj
 0001:00029060       _vio_new_win32pipe         0042a060 f   vio:vio.obj
 0001:00029130       _vio_new_win32shared_memory 0042a130 f   vio:vio.obj
 0001:00029250       _vio_errno                 0042a250 f   vio:viosocket.obj
 0001:00029260       _vio_read                  0042a260 f   vio:viosocket.obj
 0001:00029280       _vio_read_buff             0042a280 f   vio:viosocket.obj
 0001:00029330       _vio_write                 0042a330 f   vio:viosocket.obj
 0001:00029350       _vio_blocking              0042a350 f   vio:viosocket.obj
 0001:000293d0       _vio_is_blocking           0042a3d0 f   vio:viosocket.obj
 0001:000293e0       _vio_fastsend              0042a3e0 f   vio:viosocket.obj
 0001:00029410       _vio_keepalive             0042a410 f   vio:viosocket.obj
 0001:00029450       _vio_should_retry          0042a450 f   vio:viosocket.obj
 0001:00029480       _vio_was_interrupted       0042a480 f   vio:viosocket.obj
 0001:000294b0       _vio_close                 0042a4b0 f   vio:viosocket.obj
 0001:00029520       _vio_description           0042a520 f   vio:viosocket.obj
 0001:00029530       _vio_type                  0042a530 f   vio:viosocket.obj
 0001:00029540       _vio_fd                    0042a540 f   vio:viosocket.obj
 0001:00029550       _vio_peer_addr             0042a550 f   vio:viosocket.obj
 0001:000295d0       _vio_in_addr               0042a5d0 f   vio:viosocket.obj
 0001:000295f0       _vio_poll_read             0042a5f0 f   vio:viosocket.obj
 0001:00029600       _vio_timeout               0042a600 f   vio:viosocket.obj
 0001:00029640       _vio_read_pipe             0042a640 f   vio:viosocket.obj
 0001:00029670       _vio_write_pipe            0042a670 f   vio:viosocket.obj
 0001:000296a0       _vio_close_pipe            0042a6a0 f   vio:viosocket.obj
 0001:000296c0       _vio_ignore_timeout        0042a6c0 f   vio:viosocket.obj
 0001:000296d0       _vio_read_shared_memory    0042a6d0 f   vio:viosocket.obj
 0001:000297f0       _vio_write_shared_memory   0042a7f0 f   vio:viosocket.obj
 0001:000298a0       _vio_close_shared_memory   0042a8a0 f   vio:viosocket.obj
 0001:00029970       _vio_ssl_read              0042a970 f   vio:viossl.obj
 0001:00029990       _vio_ssl_write             0042a990 f   vio:viossl.obj
 0001:000299b0       _vio_ssl_close             0042a9b0 f   vio:viossl.obj
 0001:000299e0       _vio_ssl_delete            0042a9e0 f   vio:viossl.obj
 0001:00029a40       _sslaccept                 0042aa40 f   vio:viossl.obj
 0001:00029b40       _sslconnect                0042ab40 f   vio:viossl.obj
 0001:00029c40       _vio_ssl_blocking          0042ac40 f   vio:viossl.obj
 0001:00029f90       _new_VioSSLConnectorFd     0042af90 f   vio:viosslfactories.obj
 0001:00029ff0       _new_VioSSLAcceptorFd      0042aff0 f   vio:viosslfactories.obj
 0001:0002a050       ??2@YAPAXIPAUDummy@@@Z     0042b050 f i yassl:ssl.obj
 0001:0002a060       ??1Message@yaSSL@@UAE@XZ   0042b060 f i yassl:ssl.obj
 0001:0002a070       ??_EMessage@yaSSL@@UAEPAXI@Z 0042b070 f i yassl:ssl.obj
 0001:0002a070       ??_GMessage@yaSSL@@UAEPAXI@Z 0042b070 f i yassl:ssl.obj
 0001:0002a090       ??1Alert@yaSSL@@UAE@XZ     0042b090 f i yassl:ssl.obj
 0001:0002a0a0       ??1HandShakeBase@yaSSL@@UAE@XZ 0042b0a0 f i yassl:ssl.obj
 0001:0002a0b0       ??_GHandShakeBase@yaSSL@@UAEPAXI@Z 0042b0b0 f i yassl:ssl.obj
 0001:0002a0b0       ??_EHandShakeBase@yaSSL@@UAEPAXI@Z 0042b0b0 f i yassl:ssl.obj
 0001:0002a0d0       ??0EncryptedInfo@yaSSL@@QAE@XZ 0042b0d0 f i yassl:ssl.obj
 0001:0002a0e0       ?min@TaoCrypt@@YAIII@Z     0042b0e0 f i yassl:ssl.obj
 0001:0002a0f0       ??0Error@TaoCrypt@@QAE@W4ErrorNumber@1@@Z 0042b0f0 f i yassl:ssl.obj
 0001:0002a100       ?assign@BIGNUM@yaSSL@@QAEXPBEI@Z 0042b100 f i yassl:ssl.obj
 0001:0002a110       ??1Finished@yaSSL@@UAE@XZ  0042b110 f i yassl:ssl.obj
 0001:0002a120       ??1HASH@TaoCrypt@@UAE@XZ   0042b120 f i yassl:ssl.obj
 0001:0002a130       ??_GHASH@TaoCrypt@@UAEPAXI@Z 0042b130 f i yassl:ssl.obj
 0001:0002a130       ??_EHASH@TaoCrypt@@UAEPAXI@Z 0042b130 f i yassl:ssl.obj
 0001:0002a150       ??1HASHwithTransform@TaoCrypt@@UAE@XZ 0042b150 f i yassl:ssl.obj
 0001:0002a160       ??0MD5@TaoCrypt@@QAE@XZ    0042b160 f i yassl:ssl.obj
 0001:0002a180       ?getByteOrder@MD5@TaoCrypt@@UBE?AW4ByteOrder@2@XZ 0042b180 f i yassl:ssl.obj
 0001:0002a190       ?getBlockSize@MD5@TaoCrypt@@UBEIXZ 0042b190 f i yassl:ssl.obj
 0001:0002a1a0       ?getDigestSize@MD5@TaoCrypt@@UBEIXZ 0042b1a0 f i yassl:ssl.obj
 0001:0002a1b0       ?getPadSize@MD5@TaoCrypt@@UBEIXZ 0042b1b0 f i yassl:ssl.obj
 0001:0002a1c0       ??0MD4@TaoCrypt@@QAE@XZ    0042b1c0 f i yassl:ssl.obj
 0001:0002a1e0       ?getByteOrder@MD4@TaoCrypt@@UBE?AW4ByteOrder@2@XZ 0042b1e0 f i yassl:ssl.obj
 0001:0002a1f0       ?getBlockSize@MD4@TaoCrypt@@UBEIXZ 0042b1f0 f i yassl:ssl.obj
 0001:0002a200       ?getDigestSize@MD4@TaoCrypt@@UBEIXZ 0042b200 f i yassl:ssl.obj
 0001:0002a210       ?getPadSize@MD4@TaoCrypt@@UBEIXZ 0042b210 f i yassl:ssl.obj
 0001:0002a220       _yaSSLv3_server_method     0042b220 f   yassl:ssl.obj
 0001:0002a260       _yaSSLv3_client_method     0042b260 f   yassl:ssl.obj
 0001:0002a2a0       _yaTLSv1_server_method     0042b2a0 f   yassl:ssl.obj
 0001:0002a2e0       _yaTLSv1_client_method     0042b2e0 f   yassl:ssl.obj
 0001:0002a320       _yaTLSv1_1_server_method   0042b320 f   yassl:ssl.obj
 0001:0002a360       _yaTLSv1_1_client_method   0042b360 f   yassl:ssl.obj
 0001:0002a3a0       _yaSSLv23_server_method    0042b3a0 f   yassl:ssl.obj
 0001:0002a3e0       _yaSSLv23_client_method    0042b3e0 f   yassl:ssl.obj
 0001:0002a420       _yaSSL_CTX_new             0042b420 f   yassl:ssl.obj
 0001:0002a450       _yaSSL_new                 0042b450 f   yassl:ssl.obj
 0001:0002a480       _yaSSL_set_fd              0042b480 f   yassl:ssl.obj
 0001:0002a4a0       _yaSSL_connect             0042b4a0 f   yassl:ssl.obj
 0001:0002a6f0       _yaSSL_write               0042b6f0 f   yassl:ssl.obj
 0001:0002a700       ??1Data@yaSSL@@UAE@XZ      0042b700 f i yassl:ssl.obj
 0001:0002a710       _yaSSL_accept              0042b710 f   yassl:ssl.obj
 0001:0002a990       _yaSSL_do_handshake        0042b990 f   yassl:ssl.obj
 0001:0002a9c0       _yaSSL_clear               0042b9c0 f   yassl:ssl.obj
 0001:0002a9e0       _yaSSL_shutdown            0042b9e0 f   yassl:ssl.obj
 0001:0002aa40       _yaSSL_CTX_set_session_cache_mode 0042ba40 f   yassl:ssl.obj
 0001:0002aa60       _yaSSL_get_session         0042ba60 f   yassl:ssl.obj
 0001:0002aab0       _yaSSL_set_session         0042bab0 f   yassl:ssl.obj
 0001:0002aaf0       _yaSSL_session_reused      0042baf0 f   yassl:ssl.obj
 0001:0002ab10       _yaSSL_SESSION_set_timeout 0042bb10 f   yassl:ssl.obj
 0001:0002ab30       _yaSSL_get_default_timeout 0042bb30 f   yassl:ssl.obj
 0001:0002ab40       _yaSSL_get_cipher          0042bb40 f   yassl:ssl.obj
 0001:0002ab60       _yaSSL_get_shared_ciphers  0042bb60 f   yassl:ssl.obj
 0001:0002ab80       _yaSSL_get_cipher_list     0042bb80 f   yassl:ssl.obj
 0001:0002abe0       _yaSSL_CTX_set_cipher_list 0042bbe0 f   yassl:ssl.obj
 0001:0002ac00       _yaSSL_get_version         0042bc00 f   yassl:ssl.obj
 0001:0002ac20       _yaSSLeay_version          0042bc20 f   yassl:ssl.obj
 0001:0002ac30       _yaSSL_get_error           0042bc30 f   yassl:ssl.obj
 0001:0002ac40       _yaSSL_set_compression     0042bc40 f   yassl:ssl.obj
 0001:0002ac50       _yaSSL_get_peer_certificate 0042bc50 f   yassl:ssl.obj
 0001:0002ac70       _yaX509_free               0042bc70 f   yassl:ssl.obj
 0001:0002ac80       _yaX509_STORE_CTX_get_current_cert 0042bc80 f   yassl:ssl.obj
 0001:0002ac90       _yaX509_STORE_CTX_get_error 0042bc90 f   yassl:ssl.obj
 0001:0002aca0       _yaX509_STORE_CTX_get_error_depth 0042bca0 f   yassl:ssl.obj
 0001:0002acb0       _yaX509_NAME_oneline       0042bcb0 f   yassl:ssl.obj
 0001:0002ad40       _yaX509_get_issuer_name    0042bd40 f   yassl:ssl.obj
 0001:0002ad50       _yaX509_get_subject_name   0042bd50 f   yassl:ssl.obj
 0001:0002ad60       _yaSSL_load_error_strings  0042bd60 f   yassl:ssl.obj
 0001:0002ad70       _yaSSL_set_connect_state   0042bd70 f   yassl:ssl.obj
 0001:0002ad80       _yaSSL_set_accept_state    0042bd80 f   yassl:ssl.obj
 0001:0002ada0       _yaSSL_get_verify_result   0042bda0 f   yassl:ssl.obj
 0001:0002adb0       _yaSSL_CTX_sess_set_cache_size 0042bdb0 f   yassl:ssl.obj
 0001:0002adc0       _yaSSL_CTX_get_session_cache_mode 0042bdc0 f   yassl:ssl.obj
 0001:0002add0       _yaSSL_CTX_set_tmp_dh      0042bdd0 f   yassl:ssl.obj
 0001:0002adf0       _yaSSL_CTX_set_verify      0042bdf0 f   yassl:ssl.obj
 0001:0002ae30       _yaSSL_CTX_set_default_verify_paths 0042be30 f   yassl:ssl.obj
 0001:0002ae40       _yaSSL_CTX_set_session_id_context 0042be40 f   yassl:ssl.obj
 0001:0002ae50       _yaSSL_CTX_check_private_key 0042be50 f   yassl:ssl.obj
 0001:0002ae60       _yaSSL_CTX_sess_accept     0042be60 f   yassl:ssl.obj
 0001:0002ae70       _yaSSL_CTX_sess_connect    0042be70 f   yassl:ssl.obj
 0001:0002ae80       _yaSSL_CTX_sess_accept_good 0042be80 f   yassl:ssl.obj
 0001:0002ae90       _yaSSL_CTX_sess_connect_good 0042be90 f   yassl:ssl.obj
 0001:0002aea0       _yaSSL_CTX_sess_accept_renegotiate 0042bea0 f   yassl:ssl.obj
 0001:0002aeb0       _yaSSL_CTX_sess_connect_renegotiate 0042beb0 f   yassl:ssl.obj
 0001:0002aec0       _yaSSL_CTX_sess_hits       0042bec0 f   yassl:ssl.obj
 0001:0002aed0       _yaSSL_CTX_sess_cb_hits    0042bed0 f   yassl:ssl.obj
 0001:0002aee0       _yaSSL_CTX_sess_cache_full 0042bee0 f   yassl:ssl.obj
 0001:0002aef0       _yaSSL_CTX_sess_misses     0042bef0 f   yassl:ssl.obj
 0001:0002af00       _yaSSL_CTX_sess_timeouts   0042bf00 f   yassl:ssl.obj
 0001:0002af10       _yaSSL_CTX_sess_number     0042bf10 f   yassl:ssl.obj
 0001:0002af20       _yaSSL_CTX_sess_get_cache_size 0042bf20 f   yassl:ssl.obj
 0001:0002af30       _yaSSL_CTX_get_verify_mode 0042bf30 f   yassl:ssl.obj
 0001:0002af40       _yaSSL_get_verify_mode     0042bf40 f   yassl:ssl.obj
 0001:0002af60       _yaSSL_CTX_get_verify_depth 0042bf60 f   yassl:ssl.obj
 0001:0002af70       _yaSSL_get_verify_depth    0042bf70 f   yassl:ssl.obj
 0001:0002af90       _yaSSL_CTX_set_options     0042bf90 f   yassl:ssl.obj
 0001:0002afa0       _yaSSL_CTX_set_info_callback 0042bfa0 f   yassl:ssl.obj
 0001:0002afb0       _yaOpenSSL_add_all_algorithms 0042bfb0 f   yassl:ssl.obj
 0001:0002afc0       _yaSSL_library_init        0042bfc0 f   yassl:ssl.obj
 0001:0002afd0       _yaDH_new                  0042bfd0 f   yassl:ssl.obj
 0001:0002aff0       ??0BIGNUM@yaSSL@@QAE@XZ    0042bff0 f i yassl:ssl.obj
 0001:0002b000       _yaERR_get_error_line_data 0042c000 f   yassl:ssl.obj
 0001:0002b010       _yaERR_print_errors_fp     0042c010 f   yassl:ssl.obj
 0001:0002b020       _yaERR_error_string        0042c020 f   yassl:ssl.obj
 0001:0002b050       _yaX509_verify_cert_error_string 0042c050 f   yassl:ssl.obj
 0001:0002b060       _yaEVP_md5                 0042c060 f   yassl:ssl.obj
 0001:0002b070       _yaEVP_des_ede3_cbc        0042c070 f   yassl:ssl.obj
 0001:0002b080       _yaEVP_BytesToKey          0042c080 f   yassl:ssl.obj
 0001:0002b2e0       _yaDES_set_key_unchecked   0042c2e0 f   yassl:ssl.obj
 0001:0002b300       _yaDES_ede3_cbc_encrypt    0042c300 f   yassl:ssl.obj
 0001:0002b3d0       _yaRAND_status             0042c3d0 f   yassl:ssl.obj
 0001:0002b3e0       _yaDES_set_key             0042c3e0 f   yassl:ssl.obj
 0001:0002b400       _yaDES_set_odd_parity      0042c400 f   yassl:ssl.obj
 0001:0002b410       _yaDES_ecb_encrypt         0042c410 f   yassl:ssl.obj
 0001:0002b480       _yaSSL_CTX_set_default_passwd_cb_userdata 0042c480 f   yassl:ssl.obj
 0001:0002b490       _yaSSL_get_certificate     0042c490 f   yassl:ssl.obj
 0001:0002b4a0       _yaSSL_get_privatekey      0042c4a0 f   yassl:ssl.obj
 0001:0002b4b0       _yaSSL_SESSION_free        0042c4b0 f   yassl:ssl.obj
 0001:0002b4c0       _yaX509_get_pubkey         0042c4c0 f   yassl:ssl.obj
 0001:0002b4d0       _yaEVP_PKEY_copy_parameters 0042c4d0 f   yassl:ssl.obj
 0001:0002b4e0       _yaEVP_PKEY_free           0042c4e0 f   yassl:ssl.obj
 0001:0002b4f0       _yaERR_error_string_n      0042c4f0 f   yassl:ssl.obj
 0001:0002b510       _yaERR_free_strings        0042c510 f   yassl:ssl.obj
 0001:0002b520       _yaEVP_cleanup             0042c520 f   yassl:ssl.obj
 0001:0002b530       _yaX509_get_notBefore      0042c530 f   yassl:ssl.obj
 0001:0002b540       _yaX509_get_notAfter       0042c540 f   yassl:ssl.obj
 0001:0002b550       _yaSSLv2_client_method     0042c550 f   yassl:ssl.obj
 0001:0002b560       _yaSSL_get1_session        0042c560 f   yassl:ssl.obj
 0001:0002b5b0       _yaGENERAL_NAMES_free      0042c5b0 f   yassl:ssl.obj
 0001:0002b5c0       _yask_GENERAL_NAME_num     0042c5c0 f   yassl:ssl.obj
 0001:0002b5d0       _yask_GENERAL_NAME_value   0042c5d0 f   yassl:ssl.obj
 0001:0002b5e0       _yaASN1_STRING_data        0042c5e0 f   yassl:ssl.obj
 0001:0002b5f0       _yaASN1_STRING_length      0042c5f0 f   yassl:ssl.obj
 0001:0002b600       _yaASN1_STRING_type        0042c600 f   yassl:ssl.obj
 0001:0002b610       _yaX509_NAME_get_index_by_NID 0042c610 f   yassl:ssl.obj
 0001:0002b650       _yaX509_NAME_ENTRY_get_data 0042c650 f   yassl:ssl.obj
 0001:0002b660       _yaX509_NAME_get_entry     0042c660 f   yassl:ssl.obj
 0001:0002b670       _yaASN1_STRING_to_UTF8     0042c670 f   yassl:ssl.obj
 0001:0002b6c0       _yaX509_get_ext_d2i        0042c6c0 f   yassl:ssl.obj
 0001:0002b6d0       _yaMD4_Init                0042c6d0 f   yassl:ssl.obj
 0001:0002b700       _yaMD4_Update              0042c700 f   yassl:ssl.obj
 0001:0002b720       _yaMD4_Final               0042c720 f   yassl:ssl.obj
 0001:0002b730       _yaMD5_Init                0042c730 f   yassl:ssl.obj
 0001:0002b760       _yaMD5_Update              0042c760 f   yassl:ssl.obj
 0001:0002b780       _yaMD5_Final               0042c780 f   yassl:ssl.obj
 0001:0002b790       _yaRAND_bytes              0042c790 f   yassl:ssl.obj
 0001:0002b7e0       _yaSSL_peek                0042c7e0 f   yassl:ssl.obj
 0001:0002b820       _yaSSL_pending             0042c820 f   yassl:ssl.obj
 0001:0002b860       _yaSSL_CTX_set_default_passwd_cb 0042c860 f   yassl:ssl.obj
 0001:0002b870       _yaSSLeay_add_ssl_algorithms 0042c870 f   yassl:ssl.obj
 0001:0002b880       _yaERR_remove_state        0042c880 f   yassl:ssl.obj
 0001:0002b890       _yaERR_GET_REASON          0042c890 f   yassl:ssl.obj
 0001:0002b8a0       _err_helper                0042c8a0 f   yassl:ssl.obj
 0001:0002b8d0       _yaERR_peek_error          0042c8d0 f   yassl:ssl.obj
 0001:0002b900       _yaERR_get_error           0042c900 f   yassl:ssl.obj
 0001:0002b930       _yaRAND_screen             0042c930 f   yassl:ssl.obj
 0001:0002b940       _yaRAND_file_name          0042c940 f   yassl:ssl.obj
 0001:0002b950       _yaRAND_write_file         0042c950 f   yassl:ssl.obj
 0001:0002b960       _yaRAND_load_file          0042c960 f   yassl:ssl.obj
 0001:0002b970       _yaRSA_free                0042c970 f   yassl:ssl.obj
 0001:0002b980       _yaRSA_generate_key        0042c980 f   yassl:ssl.obj
 0001:0002b990       _yaX509_LOOKUP_add_dir     0042c990 f   yassl:ssl.obj
 0001:0002b9a0       _yaX509_LOOKUP_load_file   0042c9a0 f   yassl:ssl.obj
 0001:0002b9b0       _yaX509_LOOKUP_hash_dir    0042c9b0 f   yassl:ssl.obj
 0001:0002b9c0       _yaX509_LOOKUP_file        0042c9c0 f   yassl:ssl.obj
 0001:0002b9d0       _yaX509_STORE_add_lookup   0042c9d0 f   yassl:ssl.obj
 0001:0002b9e0       _yaX509_STORE_get_by_subject 0042c9e0 f   yassl:ssl.obj
 0001:0002b9f0       _yaX509_STORE_new          0042c9f0 f   yassl:ssl.obj
 0001:0002ba00       _yaSSL_alert_type_string_long 0042ca00 f   yassl:ssl.obj
 0001:0002ba10       _yaSSL_alert_desc_string_long 0042ca10 f   yassl:ssl.obj
 0001:0002ba20       _yaSSL_state_string_long   0042ca20 f   yassl:ssl.obj
 0001:0002ba30       _yaSSL_CTX_set_tmp_rsa_callback 0042ca30 f   yassl:ssl.obj
 0001:0002ba40       _yaSSL_CTX_set_timeout     0042ca40 f   yassl:ssl.obj
 0001:0002ba50       _yaSSL_CTX_use_certificate_chain_file 0042ca50 f   yassl:ssl.obj
 0001:0002ba60       _yaSSL_CTX_use_RSAPrivateKey_file 0042ca60 f   yassl:ssl.obj
 0001:0002ba70       _yaSSL_set_rfd             0042ca70 f   yassl:ssl.obj
 0001:0002ba80       _yaSSL_set_wfd             0042ca80 f   yassl:ssl.obj
 0001:0002ba90       _yaSSL_want_read           0042ca90 f   yassl:ssl.obj
 0001:0002baa0       _yaSSL_want_write          0042caa0 f   yassl:ssl.obj
 0001:0002bab0       _yaSSL_set_shutdown        0042cab0 f   yassl:ssl.obj
 0001:0002bac0       _yaSSL_get_current_cipher  0042cac0 f   yassl:ssl.obj
 0001:0002bad0       _yaSSL_CIPHER_description  0042cad0 f   yassl:ssl.obj
 0001:0002bae0       ?size@?$Block@EV?$AllocatorWithCleanup@E@TaoCrypt@@@TaoCrypt@@QBEIXZ 0042cae0 f i yassl:ssl.obj
 0001:0002baf0       ?get_buffer@?$Block@EV?$AllocatorWithCleanup@E@TaoCrypt@@@TaoCrypt@@QBEPAEXZ 0042caf0 f i yassl:ssl.obj
 0001:0002bb00       ??0?$auto_ptr@UBulkCipher@yaSSL@@@mySTL@@QAE@PAUBulkCipher@yaSSL@@@Z 0042cb00 f i yassl:ssl.obj
 0001:0002bb10       ??C?$auto_ptr@UBulkCipher@yaSSL@@@mySTL@@QBEPAUBulkCipher@yaSSL@@XZ 0042cb10 f i yassl:ssl.obj
 0001:0002bb20       ??0?$auto_ptr@Vx509@yaSSL@@@mySTL@@QAE@PAVx509@yaSSL@@@Z 0042cb20 f i yassl:ssl.obj
 0001:0002bb30       ??C?$auto_ptr@Vx509@yaSSL@@@mySTL@@QBEPAVx509@yaSSL@@XZ 0042cb30 f i yassl:ssl.obj
 0001:0002bb40       ?release@?$auto_ptr@Vx509@yaSSL@@@mySTL@@QAEPAVx509@yaSSL@@XZ 0042cb40 f i yassl:ssl.obj
 0001:0002bb50       ??0?$auto_ptr@UBIGNUM@yaSSL@@@mySTL@@QAE@PAUBIGNUM@yaSSL@@@Z 0042cb50 f i yassl:ssl.obj
 0001:0002bb60       ?get@?$auto_ptr@UBIGNUM@yaSSL@@@mySTL@@QBEPAUBIGNUM@yaSSL@@XZ 0042cb60 f i yassl:ssl.obj
 0001:0002bb70       ?release@?$auto_ptr@UBIGNUM@yaSSL@@@mySTL@@QAEPAUBIGNUM@yaSSL@@XZ 0042cb70 f i yassl:ssl.obj
 0001:0002bb80       ?CheckSize@?$AllocatorBase@E@TaoCrypt@@KAXI@Z 0042cb80 f i yassl:ssl.obj
 0001:0002bb90       ??$tcArrayDelete@E@TaoCrypt@@YAXPAE@Z 0042cb90 f i yassl:ssl.obj
 0001:0002bba0       ??$ysDelete@UDH@yaSSL@@@yaSSL@@YAXPAUDH@0@@Z 0042cba0 f i yassl:ssl.obj
 0001:0002bbb0       ??$swap@V?$AllocatorWithCleanup@E@TaoCrypt@@@mySTL@@YAXAAV?$AllocatorWithCleanup@E@TaoCrypt@@0@Z 0042cbb0 f i yassl:ssl.obj
 0001:0002bbc0       ??$ysDelete@UBulkCipher@yaSSL@@@yaSSL@@YAXPAUBulkCipher@0@@Z 0042cbc0 f i yassl:ssl.obj
 0001:0002bbd0       ??_Gx509@yaSSL@@QAEPAXI@Z  0042cbd0 f i yassl:ssl.obj
 0001:0002bbf0       ??_GSSL_CTX@yaSSL@@QAEPAXI@Z 0042cbf0 f i yassl:ssl.obj
 0001:0002bc10       ??1BIGNUM@yaSSL@@QAE@XZ    0042cc10 f i yassl:ssl.obj
 0001:0002bc20       ??1Security@yaSSL@@QAE@XZ  0042cc20 f i yassl:ssl.obj
 0001:0002bc40       ??1sslHashes@yaSSL@@QAE@XZ 0042cc40 f i yassl:ssl.obj
 0001:0002bc60       ??_EMD5@TaoCrypt@@UAEPAXI@Z 0042cc60 f i yassl:ssl.obj
 0001:0002bc60       ??_GMD5@TaoCrypt@@UAEPAXI@Z 0042cc60 f i yassl:ssl.obj
 0001:0002bc80       ??_GMD4@TaoCrypt@@UAEPAXI@Z 0042cc80 f i yassl:ssl.obj
 0001:0002bc80       ??_EMD4@TaoCrypt@@UAEPAXI@Z 0042cc80 f i yassl:ssl.obj
 0001:0002bca0       ?size@Source@TaoCrypt@@QBEIXZ 0042cca0 f i yassl:ssl.obj
 0001:0002bcb0       ?get_buffer@Source@TaoCrypt@@QBEPBEXZ 0042ccb0 f i yassl:ssl.obj
 0001:0002bcc0       _yaSSLv3_method            0042ccc0 f   yassl:ssl.obj
 0001:0002bd00       _yaSSL_read                0042cd00 f   yassl:ssl.obj
 0001:0002bd40       _yaSSL_get_cipher_name     0042cd40 f   yassl:ssl.obj
 0001:0002bd60       ?allocate@?$AllocatorWithCleanup@E@TaoCrypt@@QAEPAEIPBX@Z 0042cd60 f i yassl:ssl.obj
 0001:0002bd80       ?deallocate@?$AllocatorWithCleanup@E@TaoCrypt@@QAEXPAXI@Z 0042cd80 f i yassl:ssl.obj
 0001:0002bdb0       ?Destroy@?$auto_ptr@UBulkCipher@yaSSL@@@mySTL@@AAEXXZ 0042cdb0 f i yassl:ssl.obj
 0001:0002bdc0       ??$ysDelete@Vx509@yaSSL@@@yaSSL@@YAXPAVx509@0@@Z 0042cdc0 f i yassl:ssl.obj
 0001:0002bde0       ??$ysDelete@VSSL_CTX@yaSSL@@@yaSSL@@YAXPAVSSL_CTX@0@@Z 0042cde0 f i yassl:ssl.obj
 0001:0002be00       ??$StdReallocate@EV?$AllocatorWithCleanup@E@TaoCrypt@@@TaoCrypt@@YAPAEAAV?$AllocatorWithCleanup@E@0@PAEII_N@Z 0042ce00 f i yassl:ssl.obj
 0001:0002beb0       ??_GBIGNUM@yaSSL@@QAEPAXI@Z 0042ceb0 f i yassl:ssl.obj
 0001:0002bed0       ??1SSL@yaSSL@@QAE@XZ       0042ced0 f i yassl:ssl.obj
 0001:0002bf30       _yaSSL_CTX_free            0042cf30 f   yassl:ssl.obj
 0001:0002bf50       ??0?$Block@EV?$AllocatorWithCleanup@E@TaoCrypt@@@TaoCrypt@@QAE@PBEI@Z 0042cf50 f i yassl:ssl.obj
 0001:0002bf90       ??1?$Block@EV?$AllocatorWithCleanup@E@TaoCrypt@@@TaoCrypt@@QAE@XZ 0042cf90 f i yassl:ssl.obj
 0001:0002bfc0       ??1?$auto_ptr@UBulkCipher@yaSSL@@@mySTL@@QAE@XZ 0042cfc0 f i yassl:ssl.obj
 0001:0002bfd0       ?reset@?$auto_ptr@UBulkCipher@yaSSL@@@mySTL@@QAEXPAUBulkCipher@yaSSL@@@Z 0042cfd0 f i yassl:ssl.obj
 0001:0002bff0       ?reallocate@?$AllocatorWithCleanup@E@TaoCrypt@@QAEPAEPAEII_N@Z 0042cff0 f i yassl:ssl.obj
 0001:0002c010       ?Destroy@?$auto_ptr@Vx509@yaSSL@@@mySTL@@AAEXXZ 0042d010 f i yassl:ssl.obj
 0001:0002c030       ?New@?$Block@EV?$AllocatorWithCleanup@E@TaoCrypt@@@TaoCrypt@@QAEXI@Z 0042d030 f i yassl:ssl.obj
 0001:0002c090       ??$ysDelete@UBIGNUM@yaSSL@@@yaSSL@@YAXPAUBIGNUM@0@@Z 0042d090 f i yassl:ssl.obj
 0001:0002c0b0       ??_GSSL@yaSSL@@QAEPAXI@Z   0042d0b0 f i yassl:ssl.obj
 0001:0002c0d0       ??0Source@TaoCrypt@@QAE@PBEI@Z 0042d0d0 f i yassl:ssl.obj
 0001:0002c120       ??1Source@TaoCrypt@@QAE@XZ 0042d120 f i yassl:ssl.obj
 0001:0002c150       ??1HexDecoder@TaoCrypt@@QAE@XZ 0042d150 f i yassl:ssl.obj
 0001:0002c180       _yaDH_free                 0042d180 f   yassl:ssl.obj
 0001:0002c1c0       ??1?$auto_ptr@Vx509@yaSSL@@@mySTL@@QAE@XZ 0042d1c0 f i yassl:ssl.obj
 0001:0002c1e0       ?CleanNew@?$Block@EV?$AllocatorWithCleanup@E@TaoCrypt@@@TaoCrypt@@QAEXI@Z 0042d1e0 f i yassl:ssl.obj
 0001:0002c210       ?Destroy@?$auto_ptr@UBIGNUM@yaSSL@@@mySTL@@AAEXXZ 0042d210 f i yassl:ssl.obj
 0001:0002c230       ??$ysDelete@VSSL@yaSSL@@@yaSSL@@YAXPAVSSL@0@@Z 0042d230 f i yassl:ssl.obj
 0001:0002c250       _yaSSL_free                0042d250 f   yassl:ssl.obj
 0001:0002c270       ??0?$Block@EV?$AllocatorWithCleanup@E@TaoCrypt@@@TaoCrypt@@QAE@I@Z 0042d270 f i yassl:ssl.obj
 0001:0002c2b0       ??1?$auto_ptr@UBIGNUM@yaSSL@@@mySTL@@QAE@XZ 0042d2b0 f i yassl:ssl.obj
 0001:0002c2d0       ?reset@?$auto_ptr@UBIGNUM@yaSSL@@@mySTL@@QAEXPAUBIGNUM@yaSSL@@@Z 0042d2d0 f i yassl:ssl.obj
 0001:0002c300       ??0HexDecoder@TaoCrypt@@QAE@AAVSource@1@@Z 0042d300 f i yassl:ssl.obj
 0001:0002c350       ?read_file@yaSSL@@YAHPAVSSL_CTX@1@PBDHW4CertType@1@@Z 0042d350 f   yassl:ssl.obj
 0001:0002c7d0       _yaSSL_CTX_use_certificate_file 0042d7d0 f   yassl:ssl.obj
 0001:0002c7f0       _yaSSL_CTX_use_PrivateKey_file 0042d7f0 f   yassl:ssl.obj
 0001:0002c810       _yaSSL_CTX_load_verify_locations 0042d810 f   yassl:ssl.obj
 0001:0002c950       _yaBN_bin2bn               0042d950 f   yassl:ssl.obj
 0001:0002c9c0       ??0Lock@Mutex@yaSSL@@QAE@AAV12@@Z 0042d9c0 f i yassl:yassl_int.obj
 0001:0002c9d0       ??0Ciphers@yaSSL@@QAE@XZ   0042d9d0 f i yassl:yassl_int.obj
 0001:0002c9e0       ??0DH_Parms@yaSSL@@QAE@XZ  0042d9e0 f i yassl:yassl_int.obj
 0001:0002ca00       ??0Stats@yaSSL@@QAE@XZ     0042da00 f i yassl:yassl_int.obj
 0001:0002ca40       ?c32to24@yaSSL@@YAXIAAY02E@Z 0042da40 f   yassl:yassl_int.obj
 0001:0002ca60       ?c24to32@yaSSL@@YAXQBEAAI@Z 0042da60 f   yassl:yassl_int.obj
 0001:0002ca90       ?c24to32@yaSSL@@YAIQBE@Z   0042da90 f   yassl:yassl_int.obj
 0001:0002cab0       ?ato16@yaSSL@@YAXPBEAAG@Z  0042dab0 f   yassl:yassl_int.obj
 0001:0002cad0       ?ato24@yaSSL@@YAXPBEAAY02E@Z 0042dad0 f   yassl:yassl_int.obj
 0001:0002caf0       ?c16toa@yaSSL@@YAXGPAE@Z   0042daf0 f   yassl:yassl_int.obj
 0001:0002cb00       ?c24toa@yaSSL@@YAXQBEPAE@Z 0042db00 f   yassl:yassl_int.obj
 0001:0002cb20       ?c32toa@yaSSL@@YAXIPAE@Z   0042db20 f   yassl:yassl_int.obj
 0001:0002cb50       ??0States@yaSSL@@QAE@XZ    0042db50 f   yassl:yassl_int.obj
 0001:0002cb80       ?getRecord@States@yaSSL@@QBEABW4RecordLayerState@2@XZ 0042db80 f   yassl:yassl_int.obj
 0001:0002cb90       ?getHandShake@States@yaSSL@@QBEABW4HandShakeState@2@XZ 0042db90 f   yassl:yassl_int.obj
 0001:0002cba0       ?getClient@States@yaSSL@@QBEABW4ClientState@2@XZ 0042dba0 f   yassl:yassl_int.obj
 0001:0002cbb0       ?getServer@States@yaSSL@@QBEABW4ServerState@2@XZ 0042dbb0 f   yassl:yassl_int.obj
 0001:0002cbc0       ?GetConnect@States@yaSSL@@QBEABW4ConnectState@2@XZ 0042dbc0 f   yassl:yassl_int.obj
 0001:0002cbd0       ?GetAccept@States@yaSSL@@QBEABW4AcceptState@2@XZ 0042dbd0 f   yassl:yassl_int.obj
 0001:0002cbe0       ?getString@States@yaSSL@@QBEPBDXZ 0042dbe0 f   yassl:yassl_int.obj
 0001:0002cbf0       ?What@States@yaSSL@@QBE?AW4YasslError@2@XZ 0042dbf0 f   yassl:yassl_int.obj
 0001:0002cc00       ?useRecord@States@yaSSL@@QAEAAW4RecordLayerState@2@XZ 0042dc00 f   yassl:yassl_int.obj
 0001:0002cc10       ?useHandShake@States@yaSSL@@QAEAAW4HandShakeState@2@XZ 0042dc10 f   yassl:yassl_int.obj
 0001:0002cc20       ?useClient@States@yaSSL@@QAEAAW4ClientState@2@XZ 0042dc20 f   yassl:yassl_int.obj
 0001:0002cc30       ?useServer@States@yaSSL@@QAEAAW4ServerState@2@XZ 0042dc30 f   yassl:yassl_int.obj
 0001:0002cc40       ?UseConnect@States@yaSSL@@QAEAAW4ConnectState@2@XZ 0042dc40 f   yassl:yassl_int.obj
 0001:0002cc50       ?UseAccept@States@yaSSL@@QAEAAW4AcceptState@2@XZ 0042dc50 f   yassl:yassl_int.obj
 0001:0002cc60       ?useString@States@yaSSL@@QAEPADXZ 0042dc60 f   yassl:yassl_int.obj
 0001:0002cc70       ?SetError@States@yaSSL@@QAEXW4YasslError@2@@Z 0042dc70 f   yassl:yassl_int.obj
 0001:0002cc80       ?getMessage@sslFactory@yaSSL@@QBEABV?$Factory@UMessage@yaSSL@@HP6APAU12@XZ@2@XZ 0042dc80 f   yassl:yassl_int.obj
 0001:0002cc90       ?getHandShake@sslFactory@yaSSL@@QBEABV?$Factory@VHandShakeBase@yaSSL@@HP6APAV12@XZ@2@XZ 0042dc90 f   yassl:yassl_int.obj
 0001:0002cca0       ?getServerKey@sslFactory@yaSSL@@QBEABV?$Factory@UServerKeyBase@yaSSL@@HP6APAU12@XZ@2@XZ 0042dca0 f   yassl:yassl_int.obj
 0001:0002ccb0       ?getClientKey@sslFactory@yaSSL@@QBEABV?$Factory@UClientKeyBase@yaSSL@@HP6APAU12@XZ@2@XZ 0042dcb0 f   yassl:yassl_int.obj
 0001:0002ccc0       ?SetCompression@SSL@yaSSL@@QAEHXZ 0042dcc0 f   yassl:yassl_int.obj
 0001:0002ccd0       ?SetError@SSL@yaSSL@@QAEXW4YasslError@2@@Z 0042dcd0 f   yassl:yassl_int.obj
 0001:0002cce0       ?useBuffers@SSL@yaSSL@@QAEAAVBuffers@2@XZ 0042dce0 f   yassl:yassl_int.obj
 0001:0002cda0       ?order_error@SSL@yaSSL@@QAEXXZ 0042dda0 f   yassl:yassl_int.obj
 0001:0002cdb0       ??0SumData@yassl_int_cpp_local1@yaSSL@@QAE@XZ 0042ddb0 f i yassl:yassl_int.obj
 0001:0002cdc0       ??RSumData@yassl_int_cpp_local1@yaSSL@@QAEXPAVinput_buffer@2@@Z 0042ddc0 f i yassl:yassl_int.obj
 0001:0002cde0       ??0SumBuffer@yassl_int_cpp_local1@yaSSL@@QAE@XZ 0042dde0 f i yassl:yassl_int.obj
 0001:0002cdf0       ??RSumBuffer@yassl_int_cpp_local1@yaSSL@@QAEXPAVoutput_buffer@2@@Z 0042ddf0 f i yassl:yassl_int.obj
 0001:0002ce10       ?Send@SSL@yaSSL@@QAEXPBEI@Z 0042de10 f   yassl:yassl_int.obj
 0001:0002ce40       ?getCrypto@SSL@yaSSL@@QBEABVCrypto@2@XZ 0042de40 f   yassl:yassl_int.obj
 0001:0002ce50       ?getSecurity@SSL@yaSSL@@QBEABVSecurity@2@XZ 0042de50 f   yassl:yassl_int.obj
 0001:0002ce60       ?getStates@SSL@yaSSL@@QBEABVStates@2@XZ 0042de60 f   yassl:yassl_int.obj
 0001:0002ce70       ?getHashes@SSL@yaSSL@@QBEABVsslHashes@2@XZ 0042de70 f   yassl:yassl_int.obj
 0001:0002ce80       ?getSocket@SSL@yaSSL@@QBEABVSocket@2@XZ 0042de80 f   yassl:yassl_int.obj
 0001:0002ce90       ?GetError@SSL@yaSSL@@QBE?AW4YasslError@2@XZ 0042de90 f   yassl:yassl_int.obj
 0001:0002cea0       ?useCrypto@SSL@yaSSL@@QAEAAVCrypto@2@XZ 0042dea0 f   yassl:yassl_int.obj
 0001:0002ceb0       ?useSecurity@SSL@yaSSL@@QAEAAVSecurity@2@XZ 0042deb0 f   yassl:yassl_int.obj
 0001:0002cec0       ?useStates@SSL@yaSSL@@QAEAAVStates@2@XZ 0042dec0 f   yassl:yassl_int.obj
 0001:0002ced0       ?useHashes@SSL@yaSSL@@QAEAAVsslHashes@2@XZ 0042ded0 f   yassl:yassl_int.obj
 0001:0002cee0       ?useSocket@SSL@yaSSL@@QAEAAVSocket@2@XZ 0042dee0 f   yassl:yassl_int.obj
 0001:0002cef0       ?useLog@SSL@yaSSL@@QAEAAVLog@2@XZ 0042def0 f   yassl:yassl_int.obj
 0001:0002cf00       ?HasData@SSL@yaSSL@@QBE_NXZ 0042df00 f   yassl:yassl_int.obj
 0001:0002cf10       ??0SSL_SESSION@yaSSL@@QAE@AAVRandomPool@1@@Z 0042df10 f   yassl:yassl_int.obj
 0001:0002cf60       ?GetID@SSL_SESSION@yaSSL@@QBEPBEXZ 0042df60 f   yassl:yassl_int.obj
 0001:0002cf70       ?GetSecret@SSL_SESSION@yaSSL@@QBEPBEXZ 0042df70 f   yassl:yassl_int.obj
 0001:0002cf80       ?GetSuite@SSL_SESSION@yaSSL@@QBEPBEXZ 0042df80 f   yassl:yassl_int.obj
 0001:0002cf90       ?GetPeerX509@SSL_SESSION@yaSSL@@QBEPAVX509@2@XZ 0042df90 f   yassl:yassl_int.obj
 0001:0002cfa0       ?GetBornOn@SSL_SESSION@yaSSL@@QBEIXZ 0042dfa0 f   yassl:yassl_int.obj
 0001:0002cfb0       ?GetTimeOut@SSL_SESSION@yaSSL@@QBEIXZ 0042dfb0 f   yassl:yassl_int.obj
 0001:0002cfc0       ?SetTimeOut@SSL_SESSION@yaSSL@@QAEXI@Z 0042dfc0 f   yassl:yassl_int.obj
 0001:0002cfd0       ??0sess_match@yassl_int_cpp_local2@yaSSL@@QAE@PBE@Z 0042dfd0 f i yassl:yassl_int.obj
 0001:0002cfe0       ??Rsess_match@yassl_int_cpp_local2@yaSSL@@QAE_NPAVSSL_SESSION@2@@Z 0042dfe0 f i yassl:yassl_int.obj
 0001:0002d000       ?GetSelf@yassl_int_cpp_local2@yaSSL@@YAKXZ 0042e000 f   yassl:yassl_int.obj
[...]
 0003:00130cd8       _gpFlsAlloc                005e7cd8     LIBCMT:tidtable.obj
 0003:00130cdc       _gpFlsGetValue             005e7cdc     LIBCMT:tidtable.obj
 0003:00130ce0       _gpFlsSetValue             005e7ce0     LIBCMT:tidtable.obj
 0003:00130ce4       _gpFlsFree                 005e7ce4     LIBCMT:tidtable.obj
 0003:00130cec       __stdbuf                   005e7cec     LIBCMT:_sftbuf.obj
 0003:00130cf4       __adbgmsg                  005e7cf4     LIBCMT:crt0msg.obj
 0003:00130e04       ?_pnhHeap@@3P6AHI@ZA       005e7e04     LIBCMT:handler.obj
 0003:00130e08       __newmode                  005e7e08     LIBCMT:_newmode.obj
 0003:00130e10       ___lc_handle               005e7e10     LIBCMT:nlsdata2.obj
 0003:00130e28       ___lc_codepage             005e7e28     LIBCMT:nlsdata2.obj
 0003:00130e2c       ___lc_collate_cp           005e7e2c     LIBCMT:nlsdata2.obj
 0003:00130e30       ___lconv_static_null       005e7e30     LIBCMT:lconv.obj
 0003:00130e34       ___lc_time_intl            005e7e34     LIBCMT:inittime.obj
 0003:00130e38       ___lconv_intl              005e7e38     LIBCMT:initmon.obj
 0003:00130e64       ___lc_id                   005e7e64     LIBCMT:nlsdata3.obj
 0003:00130eec       __commode                  005e7eec     LIBCMT:ncommode.obj
 0003:00130ef0       __fmode                    005e7ef0     LIBCMT:txtmode.obj
 0003:00130f10       _thr_client_alarm          005e7f10     <common>
 0003:00130f20       _errbuff                   005e7f20     <common>
 0003:00131190       _my_signals                005e8190     <common>
 0003:001311a0       _default_directories       005e81a0     <common>
 0003:001311e0       _all_charsets              005e81e0     <common>
 0003:001316c0       _THR_LOCK_threads          005e86c0     <common>
 0003:00131720       _LOCK_gethostbyname_r      005e8720     <common>
 0003:00131740       _THR_COND_threads          005e8740     <common>
 0003:00131780       _THR_LOCK_malloc           005e8780     <common>
 0003:001317a0       _THR_LOCK_isam             005e87a0     <common>
 0003:001317c0       _THR_LOCK_myisam           005e87c0     <common>
 0003:001317e0       _THR_LOCK_heap             005e87e0     <common>
 0003:00131800       _THR_LOCK_open             005e8800     <common>
 0003:00131820       _THR_LOCK_charset          005e8820     <common>
 0003:00131840       _THR_LOCK_lock             005e8840     <common>
 0003:00131858       _THR_KEY_mysys             005e8858     <common>
 0003:00131860       _LOCK_localtime_r          005e8860     <common>
 0003:00131880       _THR_LOCK_net              005e8880     <common>
 0003:00131898       ___mblcid                  005e8898     <common>
 0003:00131910       ___ptmbcinfo               005e8910     <common>
 0003:00131914       ___ismbcodepage            005e8914     <common>
 0003:00131920       __mbctype                  005e8920     <common>
 0003:00131a24       ___mbcodepage              005e8a24     <common>
 0003:00131a30       ___mbulinfo                005e8a30     <common>
 0003:00131a40       __mbcasemap                005e8a40     <common>
 0003:00131b40       ___ctype1                  005e8b40     <common>
 0003:00131b50       ___ctype1_refcount         005e8b50     <common>
 0003:00131b54       ___lconv_mon_refcount      005e8b54     <common>
 0003:00131b64       ___lconv_intl_refcount     005e8b64     <common>
 0003:00131b68       ___lconv_num_refcount      005e8b68     <common>
 0003:00131b74       ___sbh_initialized         005e8b74     <common>
 0003:00131b88       ___sbh_pHeaderDefer        005e8b88     <common>
 0003:00131b8c       ___sbh_cntHeaderList       005e8b8c     <common>
 0003:00131b90       ___sbh_pHeaderList         005e8b90     <common>
 0003:00131b94       ___sbh_threshold           005e8b94     <common>
 0003:00131b98       ___sbh_pHeaderScan         005e8b98     <common>
 0003:00131b9c       ___sbh_sizeHeaderList      005e8b9c     <common>
 0003:00131ba0       ___sbh_indGroupDefer       005e8ba0     <common>
 0003:00131ba4       __crtheap                  005e8ba4     <common>
 0003:00131bb4       ___active_heap             005e8bb4     <common>
 0003:00131bb8       ___use_sse2_mathfcns       005e8bb8     <common>
 0003:00131bc8       ___sse2_available          005e8bc8     <common>
 0003:00131bcc       __nhandle                  005e8bcc     <common>
 0003:00131c20       ___pioinfo                 005e8c20     <common>
 0003:00131d20       ___setlc_active            005e8d20     <common>
 0003:00131d30       ___unguarded_readlc_active 005e8d30     <common>
 0003:00131d34       __acmdln                   005e8d34     <common>
 0003:00131d40       ___env_initialized         005e8d40     <common>
 0003:00131d50       ___onexitend               005e8d50     <common>
 0003:00131d54       ___onexitbegin             005e8d54     <common>
 0003:00131d58       ___mbctype_initialized     005e8d58     <common>
 0003:00131d5c       ___piob                    005e8d5c     <common>
 0003:001320a0       __bufin                    005e90a0     <common>
 0003:001330a0       __nstream                  005ea0a0     <common>
 0004:00000000       __IMPORT_DESCRIPTOR_KERNEL32 005eb000     kernel32:KERNEL32.dll
 0004:00000014       __IMPORT_DESCRIPTOR_ADVAPI32 005eb014     advapi32:ADVAPI32.dll
 0004:00000028       __IMPORT_DESCRIPTOR_WSOCK32 005eb028     wsock32:WSOCK32.dll
 0004:0000003c       __IMPORT_DESCRIPTOR_USER32 005eb03c     user32:USER32.dll
 0004:00000050       __NULL_IMPORT_DESCRIPTOR   005eb050     kernel32:KERNEL32.dll
 0004:00000430       __imp__RegCloseKey@4       005eb430     advapi32:ADVAPI32.dll
 0004:00000434       __imp__RegOpenKeyExA@20    005eb434     advapi32:ADVAPI32.dll
 0004:00000438       __imp__CryptAcquireContextA@20 005eb438     advapi32:ADVAPI32.dll
 0004:0000043c       __imp__CryptReleaseContext@8 005eb43c     advapi32:ADVAPI32.dll
 0004:00000440       __imp__CryptGenRandom@12   005eb440     advapi32:ADVAPI32.dll
 0004:00000444       __imp__StartServiceCtrlDispatcherA@4 005eb444     advapi32:ADVAPI32.dll
 0004:00000448       __imp__RegisterServiceCtrlHandlerA@8 005eb448     advapi32:ADVAPI32.dll
 0004:0000044c       __imp__DeleteService@4     005eb44c     advapi32:ADVAPI32.dll
 0004:00000450       __imp__CreateServiceA@52   005eb450     advapi32:ADVAPI32.dll
 0004:00000454       __imp__SetServiceStatus@8  005eb454     advapi32:ADVAPI32.dll
 0004:00000458       __imp__OpenSCManagerA@12   005eb458     advapi32:ADVAPI32.dll
 0004:0000045c       __imp__OpenServiceA@12     005eb45c     advapi32:ADVAPI32.dll
 0004:00000460       __imp__CloseServiceHandle@4 005eb460     advapi32:ADVAPI32.dll
 0004:00000464       __imp__RegEnumValueA@32    005eb464     advapi32:ADVAPI32.dll
 0004:00000468       \177ADVAPI32_NULL_THUNK_DATA 005eb468     advapi32:ADVAPI32.dll
 0004:0000049c       __imp__GetModuleHandleA@4  005eb49c     kernel32:KERNEL32.dll
 0004:000004a0       __imp__TerminateProcess@8  005eb4a0     kernel32:KERNEL32.dll
 0004:000004a4       __imp__OpenProcess@12      005eb4a4     kernel32:KERNEL32.dll
 0004:000004a8       __imp__Sleep@4             005eb4a8     kernel32:KERNEL32.dll
 0004:000004ac       __imp__GetCurrentThreadId@0 005eb4ac     kernel32:KERNEL32.dll
 0004:000004b0       __imp__GetModuleFileNameA@12 005eb4b0     kernel32:KERNEL32.dll
 0004:000004b4       __imp__SetNamedPipeHandleState@16 005eb4b4     kernel32:KERNEL32.dll
 0004:000004b8       __imp__GetCurrentProcess@0 005eb4b8     kernel32:KERNEL32.dll
 0004:000004bc       __imp__CreateFileA@28      005eb4bc     kernel32:KERNEL32.dll
 0004:000004c0       __imp__DuplicateHandle@28  005eb4c0     kernel32:KERNEL32.dll
 0004:000004c4       __imp__GetProcAddress@8    005eb4c4     kernel32:KERNEL32.dll
 0004:000004c8       __imp__CreateRemoteThread@28 005eb4c8     kernel32:KERNEL32.dll
 0004:000004cc       __imp__GetLastError@0      005eb4cc     kernel32:KERNEL32.dll
 0004:000004d0       __imp__SetLastError@4      005eb4d0     kernel32:KERNEL32.dll
 0004:000004d4       __imp__CreateProcessA@40   005eb4d4     kernel32:KERNEL32.dll
 0004:000004d8       __imp__WaitForSingleObject@8 005eb4d8     kernel32:KERNEL32.dll
 0004:000004dc       __imp__GetExitCodeProcess@8 005eb4dc     kernel32:KERNEL32.dll
 0004:000004e0       __imp__CloseHandle@4       005eb4e0     kernel32:KERNEL32.dll
 0004:000004e4       __imp__SetCurrentDirectoryA@4 005eb4e4     kernel32:KERNEL32.dll
 0004:000004e8       __imp__GetFullPathNameA@16 005eb4e8     kernel32:KERNEL32.dll
 0004:000004ec       __imp__GetCurrentDirectoryA@8 005eb4ec     kernel32:KERNEL32.dll
 0004:000004f0       __imp__PeekNamedPipe@24    005eb4f0     kernel32:KERNEL32.dll
 0004:000004f4       __imp__GetFileInformationByHandle@8 005eb4f4     kernel32:KERNEL32.dll
 0004:000004f8       __imp__GetDriveTypeA@4     005eb4f8     kernel32:KERNEL32.dll
 0004:000004fc       __imp__GetSystemTimeAsFileTime@4 005eb4fc     kernel32:KERNEL32.dll
 0004:00000500       __imp__EnterCriticalSection@4 005eb500     kernel32:KERNEL32.dll
 0004:00000504       __imp__LeaveCriticalSection@4 005eb504     kernel32:KERNEL32.dll
 0004:00000508       __imp__DeleteCriticalSection@4 005eb508     kernel32:KERNEL32.dll
 0004:0000050c       __imp__WaitNamedPipeA@8    005eb50c     kernel32:KERNEL32.dll
 0004:00000510       __imp__InitializeCriticalSection@4 005eb510     kernel32:KERNEL32.dll
 0004:00000514       __imp__GetLocaleInfoW@16   005eb514     kernel32:KERNEL32.dll
 0004:00000518       __imp__LCMapStringW@24     005eb518     kernel32:KERNEL32.dll
 0004:0000051c       __imp__LCMapStringA@24     005eb51c     kernel32:KERNEL32.dll
 0004:00000520       __imp__SetEnvironmentVariableA@8 005eb520     kernel32:KERNEL32.dll
 0004:00000524       __imp__CompareStringW@24   005eb524     kernel32:KERNEL32.dll
 0004:00000528       __imp__CompareStringA@24   005eb528     kernel32:KERNEL32.dll
 0004:0000052c       __imp__GetOEMCP@0          005eb52c     kernel32:KERNEL32.dll
 0004:00000530       __imp__GetACP@0            005eb530     kernel32:KERNEL32.dll
 0004:00000534       __imp__LoadLibraryA@4      005eb534     kernel32:KERNEL32.dll
 0004:00000538       __imp__HeapSize@12         005eb538     kernel32:KERNEL32.dll
 0004:0000053c       __imp__InterlockedExchange@8 005eb53c     kernel32:KERNEL32.dll
 0004:00000540       __imp__RaiseException@16   005eb540     kernel32:KERNEL32.dll
 0004:00000544       __imp__FlushFileBuffers@4  005eb544     kernel32:KERNEL32.dll
 0004:00000548       __imp__CreateEventA@16     005eb548     kernel32:KERNEL32.dll
 0004:0000054c       __imp__SetEvent@4          005eb54c     kernel32:KERNEL32.dll
 0004:00000550       __imp__ResetEvent@4        005eb550     kernel32:KERNEL32.dll
 0004:00000554       __imp__WaitForMultipleObjects@16 005eb554     kernel32:KERNEL32.dll
 0004:00000558       __imp__TlsFree@4           005eb558     kernel32:KERNEL32.dll
 0004:0000055c       __imp__TlsSetValue@8       005eb55c     kernel32:KERNEL32.dll
 0004:00000560       __imp__TlsGetValue@4       005eb560     kernel32:KERNEL32.dll
 0004:00000564       __imp__TlsAlloc@0          005eb564     kernel32:KERNEL32.dll
 0004:00000568       __imp__SetThreadPriority@8 005eb568     kernel32:KERNEL32.dll
 0004:0000056c       __imp__GetLocaleInfoA@16   005eb56c     kernel32:KERNEL32.dll
 0004:00000570       __imp__GetSystemDirectoryA@8 005eb570     kernel32:KERNEL32.dll
 0004:00000574       __imp__GetWindowsDirectoryA@8 005eb574     kernel32:KERNEL32.dll
 0004:00000578       __imp__InterlockedIncrement@4 005eb578     kernel32:KERNEL32.dll
 0004:0000057c       __imp__DeleteFileA@4       005eb57c     kernel32:KERNEL32.dll
 0004:00000580       __imp__MoveFileA@8         005eb580     kernel32:KERNEL32.dll
 0004:00000584       __imp__GetTickCount@0      005eb584     kernel32:KERNEL32.dll
 0004:00000588       __imp__GetFileAttributesExA@12 005eb588     kernel32:KERNEL32.dll
 0004:0000058c       __imp__SetEndOfFile@4      005eb58c     kernel32:KERNEL32.dll
 0004:00000590       __imp__SetFilePointer@16   005eb590     kernel32:KERNEL32.dll
 0004:00000594       __imp__ReadFile@20         005eb594     kernel32:KERNEL32.dll
 0004:00000598       __imp__WriteFile@20        005eb598     kernel32:KERNEL32.dll
 0004:0000059c       __imp__UnmapViewOfFile@4   005eb59c     kernel32:KERNEL32.dll
 0004:000005a0       __imp__FindClose@4         005eb5a0     kernel32:KERNEL32.dll
 0004:000005a4       __imp__FindNextFileA@8     005eb5a4     kernel32:KERNEL32.dll
 0004:000005a8       __imp__FindFirstFileA@8    005eb5a8     kernel32:KERNEL32.dll
 0004:000005ac       __imp__QueryPerformanceCounter@4 005eb5ac     kernel32:KERNEL32.dll
 0004:000005b0       __imp__QueryPerformanceFrequency@4 005eb5b0     kernel32:KERNEL32.dll
 0004:000005b4       __imp__ExitProcess@4       005eb5b4     kernel32:KERNEL32.dll
 0004:000005b8       __imp__SetConsoleCtrlHandler@8 005eb5b8     kernel32:KERNEL32.dll
 0004:000005bc       __imp__ReadConsoleInputA@16 005eb5bc     kernel32:KERNEL32.dll
 0004:000005c0       __imp__SetConsoleMode@8    005eb5c0     kernel32:KERNEL32.dll
 0004:000005c4       __imp__GetConsoleMode@8    005eb5c4     kernel32:KERNEL32.dll
 0004:000005c8       __imp__PeekConsoleInputA@16 005eb5c8     kernel32:KERNEL32.dll
 0004:000005cc       __imp__GetNumberOfConsoleInputEvents@8 005eb5cc     kernel32:KERNEL32.dll
 0004:000005d0       __imp__WriteConsoleA@20    005eb5d0     kernel32:KERNEL32.dll
 0004:000005d4       __imp__GetCommandLineA@0   005eb5d4     kernel32:KERNEL32.dll
 0004:000005d8       __imp__GetVersionExA@4     005eb5d8     kernel32:KERNEL32.dll
 0004:000005dc       __imp__HeapReAlloc@16      005eb5dc     kernel32:KERNEL32.dll
 0004:000005e0       __imp__HeapAlloc@12        005eb5e0     kernel32:KERNEL32.dll
 0004:000005e4       __imp__HeapFree@12         005eb5e4     kernel32:KERNEL32.dll
 0004:000005e8       __imp__FileTimeToSystemTime@8 005eb5e8     kernel32:KERNEL32.dll
 0004:000005ec       __imp__FileTimeToLocalFileTime@8 005eb5ec     kernel32:KERNEL32.dll
 0004:000005f0       __imp__SetStdHandle@8      005eb5f0     kernel32:KERNEL32.dll
 0004:000005f4       __imp__GetFileType@4       005eb5f4     kernel32:KERNEL32.dll
 0004:000005f8       __imp__ExitThread@4        005eb5f8     kernel32:KERNEL32.dll
 0004:000005fc       __imp__ResumeThread@4      005eb5fc     kernel32:KERNEL32.dll
 0004:00000600       __imp__CreateThread@24     005eb600     kernel32:KERNEL32.dll
 0004:00000604       __imp__WideCharToMultiByte@32 005eb604     kernel32:KERNEL32.dll
 0004:00000608       __imp__GetTimeZoneInformation@4 005eb608     kernel32:KERNEL32.dll
 0004:0000060c       __imp__RtlUnwind@16        005eb60c     kernel32:KERNEL32.dll
 0004:00000610       __imp__FatalAppExitA@8     005eb610     kernel32:KERNEL32.dll
 0004:00000614       __imp__GetCurrentThread@0  005eb614     kernel32:KERNEL32.dll
 0004:00000618       __imp__GetCurrentProcessId@0 005eb618     kernel32:KERNEL32.dll
 0004:0000061c       __imp__SetHandleCount@4    005eb61c     kernel32:KERNEL32.dll
 0004:00000620       __imp__GetStdHandle@4      005eb620     kernel32:KERNEL32.dll
 0004:00000624       __imp__GetStartupInfoA@4   005eb624     kernel32:KERNEL32.dll
 0004:00000628       __imp__UnhandledExceptionFilter@4 005eb628     kernel32:KERNEL32.dll
 0004:0000062c       __imp__GetFileAttributesA@4 005eb62c     kernel32:KERNEL32.dll
 0004:00000630       __imp__CreatePipe@16       005eb630     kernel32:KERNEL32.dll
 0004:00000634       __imp__VirtualProtect@16   005eb634     kernel32:KERNEL32.dll
 0004:00000638       __imp__VirtualAlloc@16     005eb638     kernel32:KERNEL32.dll
 0004:0000063c       __imp__GetSystemInfo@4     005eb63c     kernel32:KERNEL32.dll
 0004:00000640       __imp__VirtualQuery@12     005eb640     kernel32:KERNEL32.dll
 0004:00000644       __imp__FreeEnvironmentStringsA@4 005eb644     kernel32:KERNEL32.dll
 0004:00000648       __imp__GetEnvironmentStrings@0 005eb648     kernel32:KERNEL32.dll
 0004:0000064c       __imp__FreeEnvironmentStringsW@4 005eb64c     kernel32:KERNEL32.dll
 0004:00000650       __imp__GetEnvironmentStringsW@0 005eb650     kernel32:KERNEL32.dll
 0004:00000654       __imp__HeapDestroy@4       005eb654     kernel32:KERNEL32.dll
 0004:00000658       __imp__HeapCreate@12       005eb658     kernel32:KERNEL32.dll
 0004:0000065c       __imp__VirtualFree@12      005eb65c     kernel32:KERNEL32.dll
 0004:00000660       __imp__IsBadWritePtr@8     005eb660     kernel32:KERNEL32.dll
 0004:00000664       __imp__GetTimeFormatA@24   005eb664     kernel32:KERNEL32.dll
 0004:00000668       __imp__GetDateFormatA@24   005eb668     kernel32:KERNEL32.dll
 0004:0000066c       __imp__GetCPInfo@8         005eb66c     kernel32:KERNEL32.dll
 0004:00000670       __imp__GetUserDefaultLCID@0 005eb670     kernel32:KERNEL32.dll
 0004:00000674       __imp__EnumSystemLocalesA@8 005eb674     kernel32:KERNEL32.dll
 0004:00000678       __imp__IsValidLocale@8     005eb678     kernel32:KERNEL32.dll
 0004:0000067c       __imp__IsValidCodePage@4   005eb67c     kernel32:KERNEL32.dll
 0004:00000680       __imp__GetStringTypeA@20   005eb680     kernel32:KERNEL32.dll
 0004:00000684       __imp__MultiByteToWideChar@24 005eb684     kernel32:KERNEL32.dll
 0004:00000688       __imp__GetStringTypeW@16   005eb688     kernel32:KERNEL32.dll
 0004:0000068c       __imp__SetEnvironmentVariableW@8 005eb68c     kernel32:KERNEL32.dll
 0004:00000690       \177KERNEL32_NULL_THUNK_DATA 005eb690     kernel32:KERNEL32.dll
 0004:00000720       __imp__PeekMessageA@20     005eb720     user32:USER32.dll
 0004:00000724       __imp__KillTimer@8         005eb724     user32:USER32.dll
 0004:00000728       __imp__SetTimer@16         005eb728     user32:USER32.dll
 0004:0000072c       \177USER32_NULL_THUNK_DATA 005eb72c     user32:USER32.dll
 0004:00000758       __imp__recv@16             005eb758     wsock32:WSOCK32.dll
 0004:0000075c       __imp__gethostbyname@4     005eb75c     wsock32:WSOCK32.dll
 0004:00000760       __imp__WSAStartup@8        005eb760     wsock32:WSOCK32.dll
 0004:00000764       __imp__WSACleanup@0        005eb764     wsock32:WSOCK32.dll
 0004:00000768       __imp__WSAGetLastError@0   005eb768     wsock32:WSOCK32.dll
 0004:0000076c       __imp__connect@12          005eb76c     wsock32:WSOCK32.dll
 0004:00000770       __imp__select@20           005eb770     wsock32:WSOCK32.dll
 0004:00000774       __imp____WSAFDIsSet@8      005eb774     wsock32:WSOCK32.dll
 0004:00000778       __imp__send@16             005eb778     wsock32:WSOCK32.dll
 0004:0000077c       __imp__ntohs@4             005eb77c     wsock32:WSOCK32.dll
 0004:00000780       __imp__getpeername@12      005eb780     wsock32:WSOCK32.dll
 0004:00000784       __imp__WSASetLastError@4   005eb784     wsock32:WSOCK32.dll
 0004:00000788       __imp__accept@12           005eb788     wsock32:WSOCK32.dll
 0004:0000078c       __imp__shutdown@8          005eb78c     wsock32:WSOCK32.dll
 0004:00000790       __imp__socket@12           005eb790     wsock32:WSOCK32.dll
 0004:00000794       __imp__inet_addr@4         005eb794     wsock32:WSOCK32.dll
 0004:00000798       __imp__htonl@4             005eb798     wsock32:WSOCK32.dll
 0004:0000079c       __imp__htons@4             005eb79c     wsock32:WSOCK32.dll
 0004:000007a0       __imp__inet_ntoa@4         005eb7a0     wsock32:WSOCK32.dll
 0004:000007a4       __imp__setsockopt@20       005eb7a4     wsock32:WSOCK32.dll
 0004:000007a8       __imp__bind@12             005eb7a8     wsock32:WSOCK32.dll
 0004:000007ac       __imp__closesocket@4       005eb7ac     wsock32:WSOCK32.dll
 0004:000007b0       __imp__listen@8            005eb7b0     wsock32:WSOCK32.dll
 0004:000007b4       __imp__ioctlsocket@12      005eb7b4     wsock32:WSOCK32.dll
 0004:000007b8       __imp__gethostname@8       005eb7b8     wsock32:WSOCK32.dll
 0004:000007bc       \177WSOCK32_NULL_THUNK_DATA 005eb7bc     wsock32:WSOCK32.dll

 entry point at        0001:00067be5

